Archive member included to satisfy reference by file (symbol)

c:/progra~1/gcc-ar~1.10/bin/../lib/gcc/arm-none-eabi/10.3.1/thumb/v7e-m+fp/hard\libgcc.a(_arm_muldf3.o)
                              CMakeFiles/G4_DSP.elf.dir/DSP/Source/BasicMathFunctions/BasicMathFunctions.c.obj (__aeabi_dmul)
c:/progra~1/gcc-ar~1.10/bin/../lib/gcc/arm-none-eabi/10.3.1/thumb/v7e-m+fp/hard\libgcc.a(_arm_addsubdf3.o)
                              CMakeFiles/G4_DSP.elf.dir/DSP/Source/BasicMathFunctions/BasicMathFunctions.c.obj (__aeabi_dsub)
c:/progra~1/gcc-ar~1.10/bin/../lib/gcc/arm-none-eabi/10.3.1/thumb/v7e-m+fp/hard\libgcc.a(_arm_muldivdf3.o)
                              CMakeFiles/G4_DSP.elf.dir/DSP/Source/DistanceFunctions/DistanceFunctions.c.obj (__aeabi_ddiv)
c:/progra~1/gcc-ar~1.10/bin/../lib/gcc/arm-none-eabi/10.3.1/thumb/v7e-m+fp/hard\libgcc.a(_arm_cmpdf2.o)
                              CMakeFiles/G4_DSP.elf.dir/DSP/Source/DistanceFunctions/DistanceFunctions.c.obj (__aeabi_dcmplt)
c:/progra~1/gcc-ar~1.10/bin/../lib/gcc/arm-none-eabi/10.3.1/thumb/v7e-m+fp/hard\libgcc.a(_arm_fixdfsi.o)
                              CMakeFiles/G4_DSP.elf.dir/DSP/Source/SupportFunctions/SupportFunctions.c.obj (__aeabi_d2iz)
c:/progra~1/gcc-ar~1.10/bin/../lib/gcc/arm-none-eabi/10.3.1/thumb/v7e-m+fp/hard\libgcc.a(_arm_truncdfsf2.o)
                              CMakeFiles/G4_DSP.elf.dir/DSP/Source/DistanceFunctions/DistanceFunctions.c.obj (__aeabi_d2f)
c:/progra~1/gcc-ar~1.10/bin/../lib/gcc/arm-none-eabi/10.3.1/thumb/v7e-m+fp/hard\libgcc.a(_aeabi_ldivmod.o)
                              CMakeFiles/G4_DSP.elf.dir/DSP/Source/FastMathFunctions/FastMathFunctions.c.obj (__aeabi_ldivmod)
c:/progra~1/gcc-ar~1.10/bin/../lib/gcc/arm-none-eabi/10.3.1/thumb/v7e-m+fp/hard\libgcc.a(_aeabi_uldivmod.o)
                              CMakeFiles/G4_DSP.elf.dir/DSP/Source/StatisticsFunctions/StatisticsFunctions.c.obj (__aeabi_uldivmod)
c:/progra~1/gcc-ar~1.10/bin/../lib/gcc/arm-none-eabi/10.3.1/thumb/v7e-m+fp/hard\libgcc.a(_fixsfdi.o)
                              CMakeFiles/G4_DSP.elf.dir/DSP/Source/SupportFunctions/SupportFunctions.c.obj (__aeabi_f2lz)
c:/progra~1/gcc-ar~1.10/bin/../lib/gcc/arm-none-eabi/10.3.1/thumb/v7e-m+fp/hard\libgcc.a(_fixdfdi.o)
                              CMakeFiles/G4_DSP.elf.dir/DSP/Source/SupportFunctions/SupportFunctions.c.obj (__aeabi_d2lz)
c:/progra~1/gcc-ar~1.10/bin/../lib/gcc/arm-none-eabi/10.3.1/thumb/v7e-m+fp/hard\libgcc.a(_fixunssfdi.o)
                              c:/progra~1/gcc-ar~1.10/bin/../lib/gcc/arm-none-eabi/10.3.1/thumb/v7e-m+fp/hard\libgcc.a(_fixsfdi.o) (__aeabi_f2ulz)
c:/progra~1/gcc-ar~1.10/bin/../lib/gcc/arm-none-eabi/10.3.1/thumb/v7e-m+fp/hard\libgcc.a(_fixunsdfdi.o)
                              c:/progra~1/gcc-ar~1.10/bin/../lib/gcc/arm-none-eabi/10.3.1/thumb/v7e-m+fp/hard\libgcc.a(_fixdfdi.o) (__aeabi_d2ulz)
c:/progra~1/gcc-ar~1.10/bin/../lib/gcc/arm-none-eabi/10.3.1/thumb/v7e-m+fp/hard\libgcc.a(_udivmoddi4.o)
                              c:/progra~1/gcc-ar~1.10/bin/../lib/gcc/arm-none-eabi/10.3.1/thumb/v7e-m+fp/hard\libgcc.a(_aeabi_ldivmod.o) (__udivmoddi4)
c:/progra~1/gcc-ar~1.10/bin/../lib/gcc/arm-none-eabi/10.3.1/thumb/v7e-m+fp/hard\libgcc.a(_dvmd_tls.o)
                              c:/progra~1/gcc-ar~1.10/bin/../lib/gcc/arm-none-eabi/10.3.1/thumb/v7e-m+fp/hard\libgcc.a(_aeabi_ldivmod.o) (__aeabi_ldiv0)
c:/progra~1/gcc-ar~1.10/bin/../lib/gcc/arm-none-eabi/10.3.1/thumb/v7e-m+fp/hard\libgcc.a(_arm_fixunsdfsi.o)
                              c:/progra~1/gcc-ar~1.10/bin/../lib/gcc/arm-none-eabi/10.3.1/thumb/v7e-m+fp/hard\libgcc.a(_fixunssfdi.o) (__aeabi_d2uiz)
c:/progra~1/gcc-ar~1.10/bin/../lib/gcc/arm-none-eabi/10.3.1/../../../../arm-none-eabi/lib/thumb/v7e-m+fp/hard\libg.a(lib_a-errno.o)
                              CMakeFiles/G4_DSP.elf.dir/Core/Src/syscalls.c.obj (__errno)
c:/progra~1/gcc-ar~1.10/bin/../lib/gcc/arm-none-eabi/10.3.1/../../../../arm-none-eabi/lib/thumb/v7e-m+fp/hard\libg.a(lib_a-exit.o)
                              c:/progra~1/gcc-ar~1.10/bin/../lib/gcc/arm-none-eabi/10.3.1/../../../../arm-none-eabi/lib/thumb/v7e-m+fp/hard/crt0.o (exit)
c:/progra~1/gcc-ar~1.10/bin/../lib/gcc/arm-none-eabi/10.3.1/../../../../arm-none-eabi/lib/thumb/v7e-m+fp/hard\libg.a(lib_a-impure.o)
                              c:/progra~1/gcc-ar~1.10/bin/../lib/gcc/arm-none-eabi/10.3.1/../../../../arm-none-eabi/lib/thumb/v7e-m+fp/hard\libg.a(lib_a-exit.o) (_global_impure_ptr)
c:/progra~1/gcc-ar~1.10/bin/../lib/gcc/arm-none-eabi/10.3.1/../../../../arm-none-eabi/lib/thumb/v7e-m+fp/hard\libg.a(lib_a-init.o)
                              c:/progra~1/gcc-ar~1.10/bin/../lib/gcc/arm-none-eabi/10.3.1/../../../../arm-none-eabi/lib/thumb/v7e-m+fp/hard/crt0.o (__libc_init_array)
c:/progra~1/gcc-ar~1.10/bin/../lib/gcc/arm-none-eabi/10.3.1/../../../../arm-none-eabi/lib/thumb/v7e-m+fp/hard\libg.a(lib_a-memcpy.o)
[...]
Memory Configuration

Name             Origin             Length             Attributes
RAM              0x20000000         0x00020000         xrw
FLASH            0x08000000         0x00080000         xr
*default*        0x00000000         0xffffffff

Linker script and memory map

LOAD c:/progra~1/gcc-ar~1.10/bin/../lib/gcc/arm-none-eabi/10.3.1/thumb/v7e-m+fp/hard/crti.o
LOAD c:/progra~1/gcc-ar~1.10/bin/../lib/gcc/arm-none-eabi/10.3.1/thumb/v7e-m+fp/hard/crtbegin.o
LOAD c:/progra~1/gcc-ar~1.10/bin/../lib/gcc/arm-none-eabi/10.3.1/../../../../arm-none-eabi/lib/thumb/v7e-m+fp/hard/crt0.o
LOAD CMakeFiles/G4_DSP.elf.dir/Core/Src/app_freertos.c.obj
LOAD CMakeFiles/G4_DSP.elf.dir/Core/Src/gpio.c.obj
LOAD CMakeFiles/G4_DSP.elf.dir/Core/Src/main.c.obj
LOAD CMakeFiles/G4_DSP.elf.dir/Core/Src/spi.c.obj
LOAD CMakeFiles/G4_DSP.elf.dir/Core/Src/stm32g4xx_hal_msp.c.obj
LOAD CMakeFiles/G4_DSP.elf.dir/Core/Src/stm32g4xx_hal_timebase_tim.c.obj
LOAD CMakeFiles/G4_DSP.elf.dir/Core/Src/stm32g4xx_it.c.obj
LOAD CMakeFiles/G4_DSP.elf.dir/Core/Src/syscalls.c.obj
LOAD CMakeFiles/G4_DSP.elf.dir/Core/Src/sysmem.c.obj
LOAD CMakeFiles/G4_DSP.elf.dir/Core/Src/system_stm32g4xx.c.obj
LOAD CMakeFiles/G4_DSP.elf.dir/Core/Src/usart.c.obj
LOAD CMakeFiles/G4_DSP.elf.dir/Core/Startup/startup_stm32g474retx.s.obj
LOAD CMakeFiles/G4_DSP.elf.dir/DSP/Source/BasicMathFunctions/BasicMathFunctions.c.obj
LOAD CMakeFiles/G4_DSP.elf.dir/DSP/Source/BayesFunctions/BayesFunctions.c.obj
LOAD CMakeFiles/G4_DSP.elf.dir/DSP/Source/CommonTables/CommonTables.c.obj
LOAD CMakeFiles/G4_DSP.elf.dir/DSP/Source/ComplexMathFunctions/ComplexMathFunctions.c.obj
LOAD CMakeFiles/G4_DSP.elf.dir/DSP/Source/ControllerFunctions/ControllerFunctions.c.obj
LOAD CMakeFiles/G4_DSP.elf.dir/DSP/Source/DistanceFunctions/DistanceFunctions.c.obj
LOAD CMakeFiles/G4_DSP.elf.dir/DSP/Source/FastMathFunctions/FastMathFunctions.c.obj
LOAD CMakeFiles/G4_DSP.elf.dir/DSP/Source/FilteringFunctions/FilteringFunctions.c.obj
LOAD CMakeFiles/G4_DSP.elf.dir/DSP/Source/InterpolationFunctions/InterpolationFunctions.c.obj
LOAD CMakeFiles/G4_DSP.elf.dir/DSP/Source/QuaternionMathFunctions/QuaternionMathFunctions.c.obj
LOAD CMakeFiles/G4_DSP.elf.dir/DSP/Source/SVMFunctions/SVMFunctions.c.obj
LOAD CMakeFiles/G4_DSP.elf.dir/DSP/Source/StatisticsFunctions/StatisticsFunctions.c.obj
LOAD CMakeFiles/G4_DSP.elf.dir/DSP/Source/SupportFunctions/SupportFunctions.c.obj
LOAD CMakeFiles/G4_DSP.elf.dir/DSP/Source/TransformFunctions/TransformFunctions.c.obj
LOAD CMakeFiles/G4_DSP.elf.dir/DSP/Source/WindowFunctions/WindowFunctions.c.obj
LOAD CMakeFiles/G4_DSP.elf.dir/Drivers/LCD_240_280/Src/lcd.c.obj
LOAD CMakeFiles/G4_DSP.elf.dir/Drivers/LCD_240_280/Src/lcd_interface.c.obj
LOAD CMakeFiles/G4_DSP.elf.dir/Drivers/STM32G4xx_HAL_Driver/Src/stm32g4xx_hal.c.obj
LOAD CMakeFiles/G4_DSP.elf.dir/Drivers/STM32G4xx_HAL_Driver/Src/stm32g4xx_hal_cortex.c.obj
LOAD CMakeFiles/G4_DSP.elf.dir/Drivers/STM32G4xx_HAL_Driver/Src/stm32g4xx_hal_dma.c.obj
LOAD CMakeFiles/G4_DSP.elf.dir/Drivers/STM32G4xx_HAL_Driver/Src/stm32g4xx_hal_dma_ex.c.obj
LOAD CMakeFiles/G4_DSP.elf.dir/Drivers/STM32G4xx_HAL_Driver/Src/stm32g4xx_hal_exti.c.obj
LOAD CMakeFiles/G4_DSP.elf.dir/Drivers/STM32G4xx_HAL_Driver/Src/stm32g4xx_hal_flash.c.obj
LOAD CMakeFiles/G4_DSP.elf.dir/Drivers/STM32G4xx_HAL_Driver/Src/stm32g4xx_hal_flash_ex.c.obj
LOAD CMakeFiles/G4_DSP.elf.dir/Drivers/STM32G4xx_HAL_Driver/Src/stm32g4xx_hal_flash_ramfunc.c.obj
LOAD CMakeFiles/G4_DSP.elf.dir/Drivers/STM32G4xx_HAL_Driver/Src/stm32g4xx_hal_gpio.c.obj
LOAD CMakeFiles/G4_DSP.elf.dir/Drivers/STM32G4xx_HAL_Driver/Src/stm32g4xx_hal_pwr.c.obj
LOAD CMakeFiles/G4_DSP.elf.dir/Drivers/STM32G4xx_HAL_Driver/Src/stm32g4xx_hal_pwr_ex.c.obj
LOAD CMakeFiles/G4_DSP.elf.dir/Drivers/STM32G4xx_HAL_Driver/Src/stm32g4xx_hal_rcc.c.obj
LOAD CMakeFiles/G4_DSP.elf.dir/Drivers/STM32G4xx_HAL_Driver/Src/stm32g4xx_hal_rcc_ex.c.obj
LOAD CMakeFiles/G4_DSP.elf.dir/Drivers/STM32G4xx_HAL_Driver/Src/stm32g4xx_hal_spi.c.obj
LOAD CMakeFiles/G4_DSP.elf.dir/Drivers/STM32G4xx_HAL_Driver/Src/stm32g4xx_hal_spi_ex.c.obj
LOAD CMakeFiles/G4_DSP.elf.dir/Drivers/STM32G4xx_HAL_Driver/Src/stm32g4xx_hal_tim.c.obj
LOAD CMakeFiles/G4_DSP.elf.dir/Drivers/STM32G4xx_HAL_Driver/Src/stm32g4xx_hal_tim_ex.c.obj
LOAD CMakeFiles/G4_DSP.elf.dir/Drivers/STM32G4xx_HAL_Driver/Src/stm32g4xx_hal_uart.c.obj
LOAD CMakeFiles/G4_DSP.elf.dir/Drivers/STM32G4xx_HAL_Driver/Src/stm32g4xx_hal_uart_ex.c.obj
LOAD CMakeFiles/G4_DSP.elf.dir/Middlewares/Third_Party/FreeRTOS/Source/CMSIS_RTOS_V2/cmsis_os2.c.obj
LOAD CMakeFiles/G4_DSP.elf.dir/Middlewares/Third_Party/FreeRTOS/Source/croutine.c.obj
LOAD CMakeFiles/G4_DSP.elf.dir/Middlewares/Third_Party/FreeRTOS/Source/event_groups.c.obj
LOAD CMakeFiles/G4_DSP.elf.dir/Middlewares/Third_Party/FreeRTOS/Source/list.c.obj
LOAD CMakeFiles/G4_DSP.elf.dir/Middlewares/Third_Party/FreeRTOS/Source/portable/GCC/ARM_CM4F/port.c.obj
LOAD CMakeFiles/G4_DSP.elf.dir/Middlewares/Third_Party/FreeRTOS/Source/portable/MemMang/heap_4.c.obj
LOAD CMakeFiles/G4_DSP.elf.dir/Middlewares/Third_Party/FreeRTOS/Source/queue.c.obj
LOAD CMakeFiles/G4_DSP.elf.dir/Middlewares/Third_Party/FreeRTOS/Source/stream_buffer.c.obj
LOAD CMakeFiles/G4_DSP.elf.dir/Middlewares/Third_Party/FreeRTOS/Source/tasks.c.obj
LOAD CMakeFiles/G4_DSP.elf.dir/Middlewares/Third_Party/FreeRTOS/Source/timers.c.obj
START GROUP
LOAD c:/progra~1/gcc-ar~1.10/bin/../lib/gcc/arm-none-eabi/10.3.1/thumb/v7e-m+fp/hard\libgcc.a
LOAD c:/progra~1/gcc-ar~1.10/bin/../lib/gcc/arm-none-eabi/10.3.1/../../../../arm-none-eabi/lib/thumb/v7e-m+fp/hard\libg.a
LOAD c:/progra~1/gcc-ar~1.10/bin/../lib/gcc/arm-none-eabi/10.3.1/../../../../arm-none-eabi/lib/thumb/v7e-m+fp/hard\libc.a
END GROUP
LOAD c:/progra~1/gcc-ar~1.10/bin/../lib/gcc/arm-none-eabi/10.3.1/thumb/v7e-m+fp/hard/crtend.o
LOAD c:/progra~1/gcc-ar~1.10/bin/../lib/gcc/arm-none-eabi/10.3.1/thumb/v7e-m+fp/hard/crtn.o
                0x20020000                _estack = (ORIGIN (RAM) + LENGTH (RAM))
                0x00000200                _Min_Heap_Size = 0x200
                0x00000400                _Min_Stack_Size = 0x400

.isr_vector     0x08000000      0x1d8
                0x08000000                . = ALIGN (0x4)
 *(.isr_vector)
 .isr_vector    0x08000000      0x1d8 CMakeFiles/G4_DSP.elf.dir/Core/Startup/startup_stm32g474retx.s.obj
                0x08000000                g_pfnVectors
                0x080001d8                . = ALIGN (0x4)

.text           0x080001e0     0x5d68
                0x080001e0                . = ALIGN (0x4)
 *(.text)
 .text          0x080001e0       0x40 c:/progra~1/gcc-ar~1.10/bin/../lib/gcc/arm-none-eabi/10.3.1/thumb/v7e-m+fp/hard/crtbegin.o
 .text          0x08000220       0x30 c:/progra~1/gcc-ar~1.10/bin/../lib/gcc/arm-none-eabi/10.3.1/thumb/v7e-m+fp/hard\libgcc.a(_aeabi_uldivmod.o)
                0x08000220                __aeabi_uldivmod
 .text          0x08000250      0x2d0 c:/progra~1/gcc-ar~1.10/bin/../lib/gcc/arm-none-eabi/10.3.1/thumb/v7e-m+fp/hard\libgcc.a(_udivmoddi4.o)
                0x08000250                __udivmoddi4
 .text          0x08000520        0x4 c:/progra~1/gcc-ar~1.10/bin/../lib/gcc/arm-none-eabi/10.3.1/thumb/v7e-m+fp/hard\libgcc.a(_dvmd_tls.o)
                0x08000520                __aeabi_idiv0
                0x08000520                __aeabi_ldiv0
 .text          0x08000524      0x134 c:/progra~1/gcc-ar~1.10/bin/../lib/gcc/arm-none-eabi/10.3.1/../../../../arm-none-eabi/lib/thumb/v7e-m+fp/hard\libg.a(lib_a-memcpy.o)
                0x08000524                memcpy
 *(.text*)
 .text.App_main
                0x08000658      0x104 CMakeFiles/G4_DSP.elf.dir/Core/Src/app_freertos.c.obj
                0x08000658                App_main
 .text.MX_FREERTOS_Init
                0x0800075c       0x20 CMakeFiles/G4_DSP.elf.dir/Core/Src/app_freertos.c.obj
                0x0800075c                MX_FREERTOS_Init
 .text.MX_GPIO_Init
                0x0800077c       0x8c CMakeFiles/G4_DSP.elf.dir/Core/Src/gpio.c.obj
                0x0800077c                MX_GPIO_Init
 .text.FFT_GPIO_Init
                0x08000808       0x50 CMakeFiles/G4_DSP.elf.dir/Core/Src/gpio.c.obj
                0x08000808                FFT_GPIO_Init
 .text.HAL_TIM_PeriodElapsedCallback
                0x08000858       0x18 CMakeFiles/G4_DSP.elf.dir/Core/Src/main.c.obj
                0x08000858                HAL_TIM_PeriodElapsedCallback
 .text.Error_Handler
                0x08000870        0x4 CMakeFiles/G4_DSP.elf.dir/Core/Src/main.c.obj
                0x08000870                Error_Handler
 .text.SystemClock_Config
                0x08000874       0x70 CMakeFiles/G4_DSP.elf.dir/Core/Src/main.c.obj
                0x08000874                SystemClock_Config
 .text.main     0x080008e4       0x30 CMakeFiles/G4_DSP.elf.dir/Core/Src/main.c.obj
                0x080008e4                main
 .text.MX_SPI1_Init
                0x08000914       0x4c CMakeFiles/G4_DSP.elf.dir/Core/Src/spi.c.obj
                0x08000914                MX_SPI1_Init
 .text.HAL_SPI_MspInit
                0x08000960       0x64 CMakeFiles/G4_DSP.elf.dir/Core/Src/spi.c.obj
                0x08000960                HAL_SPI_MspInit
 .text.HAL_MspInit
                0x080009c4       0x44 CMakeFiles/G4_DSP.elf.dir/Core/Src/stm32g4xx_hal_msp.c.obj
                0x080009c4                HAL_MspInit
 .text.HAL_InitTick
                0x08000a08       0x94 CMakeFiles/G4_DSP.elf.dir/Core/Src/stm32g4xx_hal_timebase_tim.c.obj
                0x08000a08                HAL_InitTick
 .text.NMI_Handler
                0x08000a9c        0x2 CMakeFiles/G4_DSP.elf.dir/Core/Src/stm32g4xx_it.c.obj
                0x08000a9c                NMI_Handler
 .text.HardFault_Handler
                0x08000a9e        0x2 CMakeFiles/G4_DSP.elf.dir/Core/Src/stm32g4xx_it.c.obj
                0x08000a9e                HardFault_Handler
 .text.MemManage_Handler
                0x08000aa0        0x2 CMakeFiles/G4_DSP.elf.dir/Core/Src/stm32g4xx_it.c.obj
                0x08000aa0                MemManage_Handler
 .text.BusFault_Handler
                0x08000aa2        0x2 CMakeFiles/G4_DSP.elf.dir/Core/Src/stm32g4xx_it.c.obj
                0x08000aa2                BusFault_Handler
 .text.UsageFault_Handler
                0x08000aa4        0x2 CMakeFiles/G4_DSP.elf.dir/Core/Src/stm32g4xx_it.c.obj
                0x08000aa4                UsageFault_Handler
 .text.DebugMon_Handler
                0x08000aa6        0x2 CMakeFiles/G4_DSP.elf.dir/Core/Src/stm32g4xx_it.c.obj
                0x08000aa6                DebugMon_Handler
 .text.EXTI15_10_IRQHandler
                0x08000aa8        0xc CMakeFiles/G4_DSP.elf.dir/Core/Src/stm32g4xx_it.c.obj
                0x08000aa8                EXTI15_10_IRQHandler
 .text.TIM6_DAC_IRQHandler
                0x08000ab4       0x10 CMakeFiles/G4_DSP.elf.dir/Core/Src/stm32g4xx_it.c.obj
                0x08000ab4                TIM6_DAC_IRQHandler
 .text.SystemInit
                0x08000ac4       0x14 CMakeFiles/G4_DSP.elf.dir/Core/Src/system_stm32g4xx.c.obj
                0x08000ac4                SystemInit
 .text.MX_LPUART1_UART_Init
                0x08000ad8       0x68 CMakeFiles/G4_DSP.elf.dir/Core/Src/usart.c.obj
                0x08000ad8                MX_LPUART1_UART_Init
 .text.HAL_UART_MspInit
                0x08000b40       0x84 CMakeFiles/G4_DSP.elf.dir/Core/Src/usart.c.obj
                0x08000b40                HAL_UART_MspInit
 .text.Reset_Handler
                0x08000bc4       0x50 CMakeFiles/G4_DSP.elf.dir/Core/Startup/startup_stm32g474retx.s.obj
                0x08000bc4                Reset_Handler
 .text.Default_Handler
                0x08000c14        0x2 CMakeFiles/G4_DSP.elf.dir/Core/Startup/startup_stm32g474retx.s.obj
                0x08000c14                RTC_Alarm_IRQHandler
                0x08000c14                EXTI2_IRQHandler
                0x08000c14                TIM8_TRG_COM_IRQHandler
                0x08000c14                TIM8_CC_IRQHandler
                0x08000c14                HRTIM1_Master_IRQHandler
                0x08000c14                SPI4_IRQHandler
                0x08000c14                FDCAN3_IT0_IRQHandler
                0x08000c14                TIM1_CC_IRQHandler
                0x08000c14                HRTIM1_FLT_IRQHandler
                0x08000c14                HRTIM1_TIMF_IRQHandler
                0x08000c14                USB_HP_IRQHandler
                0x08000c14                CORDIC_IRQHandler
                0x08000c14                HRTIM1_TIMD_IRQHandler
                0x08000c14                DMA2_Channel8_IRQHandler
                0x08000c14                EXTI3_IRQHandler
                0x08000c14                I2C3_ER_IRQHandler
                0x08000c14                EXTI0_IRQHandler
                0x08000c14                I2C2_EV_IRQHandler
                0x08000c14                FPU_IRQHandler
                0x08000c14                FDCAN1_IT1_IRQHandler
                0x08000c14                TIM1_UP_TIM16_IRQHandler
                0x08000c14                ADC1_2_IRQHandler
                0x08000c14                HRTIM1_TIME_IRQHandler
                0x08000c14                SPI1_IRQHandler
                0x08000c14                HRTIM1_TIMC_IRQHandler
                0x08000c14                TIM8_UP_IRQHandler
                0x08000c14                DMA2_Channel2_IRQHandler
                0x08000c14                DMA1_Channel4_IRQHandler
                0x08000c14                TIM20_TRG_COM_IRQHandler
                0x08000c14                USART3_IRQHandler
                0x08000c14                DMA1_Channel7_IRQHandler
                0x08000c14                UART5_IRQHandler
                0x08000c14                ADC3_IRQHandler
                0x08000c14                TIM4_IRQHandler
                0x08000c14                DMA2_Channel1_IRQHandler
                0x08000c14                QUADSPI_IRQHandler
                0x08000c14                I2C1_EV_IRQHandler
                0x08000c14                DMA1_Channel6_IRQHandler
                0x08000c14                UART4_IRQHandler
                0x08000c14                DMA2_Channel4_IRQHandler
                0x08000c14                TIM3_IRQHandler
                0x08000c14                RCC_IRQHandler
                0x08000c14                TIM20_UP_IRQHandler
                0x08000c14                DMA1_Channel1_IRQHandler
                0x08000c14                Default_Handler
                0x08000c14                DMA2_Channel7_IRQHandler
                0x08000c14                RTC_TAMP_LSECSS_IRQHandler
                0x08000c14                FMAC_IRQHandler
                0x08000c14                DMA1_Channel8_IRQHandler
                0x08000c14                HRTIM1_TIMA_IRQHandler
                0x08000c14                TIM7_DAC_IRQHandler
                0x08000c14                FDCAN3_IT1_IRQHandler
                0x08000c14                TIM5_IRQHandler
                0x08000c14                UCPD1_IRQHandler
                0x08000c14                I2C3_EV_IRQHandler
                0x08000c14                EXTI9_5_IRQHandler
                0x08000c14                RTC_WKUP_IRQHandler
                0x08000c14                PVD_PVM_IRQHandler
                0x08000c14                SPI2_IRQHandler
                0x08000c14                ADC5_IRQHandler
                0x08000c14                DMA2_Channel5_IRQHandler
                0x08000c14                CRS_IRQHandler
                0x08000c14                DMA1_Channel5_IRQHandler
                0x08000c14                USB_LP_IRQHandler
                0x08000c14                EXTI4_IRQHandler
                0x08000c14                RNG_IRQHandler
                0x08000c14                HRTIM1_TIMB_IRQHandler
                0x08000c14                TIM1_TRG_COM_TIM17_IRQHandler
                0x08000c14                FDCAN2_IT1_IRQHandler
                0x08000c14                DMA1_Channel3_IRQHandler
                0x08000c14                ADC4_IRQHandler
                0x08000c14                WWDG_IRQHandler
                0x08000c14                I2C4_EV_IRQHandler
                0x08000c14                FDCAN2_IT0_IRQHandler
                0x08000c14                LPUART1_IRQHandler
                0x08000c14                DMA2_Channel6_IRQHandler
                0x08000c14                FDCAN1_IT0_IRQHandler
                0x08000c14                TIM2_IRQHandler
                0x08000c14                COMP7_IRQHandler
                0x08000c14                COMP1_2_3_IRQHandler
                0x08000c14                EXTI1_IRQHandler
                0x08000c14                USART2_IRQHandler
                0x08000c14                COMP4_5_6_IRQHandler
                0x08000c14                TIM20_BRK_IRQHandler
                0x08000c14                I2C2_ER_IRQHandler
                0x08000c14                DMA1_Channel2_IRQHandler
                0x08000c14                TIM8_BRK_IRQHandler
                0x08000c14                FLASH_IRQHandler
                0x08000c14                TIM20_CC_IRQHandler
                0x08000c14                USART1_IRQHandler
                0x08000c14                SPI3_IRQHandler
                0x08000c14                I2C1_ER_IRQHandler
                0x08000c14                FMC_IRQHandler
                0x08000c14                LPTIM1_IRQHandler
                0x08000c14                DMAMUX_OVR_IRQHandler
                0x08000c14                I2C4_ER_IRQHandler
                0x08000c14                USBWakeUp_IRQHandler
                0x08000c14                SAI1_IRQHandler
                0x08000c14                DMA2_Channel3_IRQHandler
                0x08000c14                TIM1_BRK_TIM15_IRQHandler
 .text.arm_cmplx_mag_f32
                0x08000c16       0x42 CMakeFiles/G4_DSP.elf.dir/DSP/Source/ComplexMathFunctions/ComplexMathFunctions.c.obj
                0x08000c16                arm_cmplx_mag_f32
 .text.arm_cos_f32
                0x08000c58       0x98 CMakeFiles/G4_DSP.elf.dir/DSP/Source/FastMathFunctions/FastMathFunctions.c.obj
                0x08000c58                arm_cos_f32
 .text.arm_sin_f32
                0x08000cf0       0x90 CMakeFiles/G4_DSP.elf.dir/DSP/Source/FastMathFunctions/FastMathFunctions.c.obj
                0x08000cf0                arm_sin_f32
 .text.arm_bitreversal_32
                0x08000d80       0x4a CMakeFiles/G4_DSP.elf.dir/DSP/Source/TransformFunctions/TransformFunctions.c.obj
                0x08000d80                arm_bitreversal_32
 *fill*         0x08000dca        0x2 
 .text.arm_radix8_butterfly_f32
                0x08000dcc      0x5a8 CMakeFiles/G4_DSP.elf.dir/DSP/Source/TransformFunctions/TransformFunctions.c.obj
                0x08000dcc                arm_radix8_butterfly_f32
 .text.arm_cfft_radix8by2_f32
                0x08001374      0x1f4 CMakeFiles/G4_DSP.elf.dir/DSP/Source/TransformFunctions/TransformFunctions.c.obj
                0x08001374                arm_cfft_radix8by2_f32
 .text.arm_cfft_radix8by4_f32
                0x08001568      0x4bc CMakeFiles/G4_DSP.elf.dir/DSP/Source/TransformFunctions/TransformFunctions.c.obj
                0x08001568                arm_cfft_radix8by4_f32
 .text.arm_cfft_f32
                0x08001a24       0xda CMakeFiles/G4_DSP.elf.dir/DSP/Source/TransformFunctions/TransformFunctions.c.obj
                0x08001a24                arm_cfft_f32
 .text.LCD_Write8BitData
                0x08001afe        0x8 CMakeFiles/G4_DSP.elf.dir/Drivers/LCD_240_280/Src/lcd.c.obj
                0x08001afe                LCD_Write8BitData
 .text.LCD_Write16BitData
                0x08001b06        0x8 CMakeFiles/G4_DSP.elf.dir/Drivers/LCD_240_280/Src/lcd.c.obj
                0x08001b06                LCD_Write16BitData
 .text.LCD_WriteCommand
                0x08001b0e       0x14 CMakeFiles/G4_DSP.elf.dir/Drivers/LCD_240_280/Src/lcd.c.obj
                0x08001b0e                LCD_WriteCommand
 .text.LCD_Delayms
                0x08001b22        0x8 CMakeFiles/G4_DSP.elf.dir/Drivers/LCD_240_280/Src/lcd.c.obj
                0x08001b22                LCD_Delayms
 .text.LCD_Address_Set
                0x08001b2a       0x3e CMakeFiles/G4_DSP.elf.dir/Drivers/LCD_240_280/Src/lcd.c.obj
                0x08001b2a                LCD_Address_Set
 .text.LCD_Fill
                0x08001b68       0x3c CMakeFiles/G4_DSP.elf.dir/Drivers/LCD_240_280/Src/lcd.c.obj
                0x08001b68                LCD_Fill
 .text.LCD_DrawPoint
                0x08001ba4       0x14 CMakeFiles/G4_DSP.elf.dir/Drivers/LCD_240_280/Src/lcd.c.obj
                0x08001ba4                LCD_DrawPoint
 .text.LCD_ShowChar
                0x08001bb8      0x13c CMakeFiles/G4_DSP.elf.dir/Drivers/LCD_240_280/Src/lcd.c.obj
                0x08001bb8                LCD_ShowChar
 .text.LCD_ShowString
                0x08001cf4       0x44 CMakeFiles/G4_DSP.elf.dir/Drivers/LCD_240_280/Src/lcd.c.obj
                0x08001cf4                LCD_ShowString
 .text.LCD_Init
                0x08001d38      0x19e CMakeFiles/G4_DSP.elf.dir/Drivers/LCD_240_280/Src/lcd.c.obj
                0x08001d38                LCD_Init
 *fill*         0x08001ed6        0x2 
 .text.lcd_interface_gpio_init
                0x08001ed8       0xe8 CMakeFiles/G4_DSP.elf.dir/Drivers/LCD_240_280/Src/lcd_interface.c.obj
                0x08001ed8                lcd_interface_gpio_init
 .text.lcd_interface_delayms
                0x08001fc0        0x8 CMakeFiles/G4_DSP.elf.dir/Drivers/LCD_240_280/Src/lcd_interface.c.obj
                0x08001fc0                lcd_interface_delayms
 .text.lcd_interface_res_clr
                0x08001fc8       0x10 CMakeFiles/G4_DSP.elf.dir/Drivers/LCD_240_280/Src/lcd_interface.c.obj
                0x08001fc8                lcd_interface_res_clr
 .text.lcd_interface_res_set
                0x08001fd8       0x10 CMakeFiles/G4_DSP.elf.dir/Drivers/LCD_240_280/Src/lcd_interface.c.obj
                0x08001fd8                lcd_interface_res_set
 .text.lcd_interface_dc_lcr
                0x08001fe8       0x14 CMakeFiles/G4_DSP.elf.dir/Drivers/LCD_240_280/Src/lcd_interface.c.obj
                0x08001fe8                lcd_interface_dc_lcr
 .text.lcd_interface_dc_set
                0x08001ffc       0x14 CMakeFiles/G4_DSP.elf.dir/Drivers/LCD_240_280/Src/lcd_interface.c.obj
                0x08001ffc                lcd_interface_dc_set
 .text.lcd_interface_cs_clr
                0x08002010       0x12 CMakeFiles/G4_DSP.elf.dir/Drivers/LCD_240_280/Src/lcd_interface.c.obj
                0x08002010                lcd_interface_cs_clr
 .text.lcd_interface_cs_set
                0x08002022       0x12 CMakeFiles/G4_DSP.elf.dir/Drivers/LCD_240_280/Src/lcd_interface.c.obj
                0x08002022                lcd_interface_cs_set
 .text.lcd_interface_write_8bit_data
                0x08002034       0x28 CMakeFiles/G4_DSP.elf.dir/Drivers/LCD_240_280/Src/lcd_interface.c.obj
                0x08002034                lcd_interface_write_8bit_data
 .text.lcd_interface_write_16bit_data
                0x0800205c       0x2c CMakeFiles/G4_DSP.elf.dir/Drivers/LCD_240_280/Src/lcd_interface.c.obj
                0x0800205c                lcd_interface_write_16bit_data
 .text.lcd_interface_blk_set
                0x08002088       0x14 CMakeFiles/G4_DSP.elf.dir/Drivers/LCD_240_280/Src/lcd_interface.c.obj
                0x08002088                lcd_interface_blk_set
 .text.HAL_Init
                0x0800209c       0x1e CMakeFiles/G4_DSP.elf.dir/Drivers/STM32G4xx_HAL_Driver/Src/stm32g4xx_hal.c.obj
                0x0800209c                HAL_Init
 *fill*         0x080020ba        0x2 
 .text.HAL_IncTick
                0x080020bc       0x18 CMakeFiles/G4_DSP.elf.dir/Drivers/STM32G4xx_HAL_Driver/Src/stm32g4xx_hal.c.obj
                0x080020bc                HAL_IncTick
 .text.HAL_GetTick
                0x080020d4        0xc CMakeFiles/G4_DSP.elf.dir/Drivers/STM32G4xx_HAL_Driver/Src/stm32g4xx_hal.c.obj
                0x080020d4                HAL_GetTick
 .text.HAL_Delay
                0x080020e0       0x28 CMakeFiles/G4_DSP.elf.dir/Drivers/STM32G4xx_HAL_Driver/Src/stm32g4xx_hal.c.obj
                0x080020e0                HAL_Delay
 .text.HAL_NVIC_SetPriorityGrouping
                0x08002108       0x24 CMakeFiles/G4_DSP.elf.dir/Drivers/STM32G4xx_HAL_Driver/Src/stm32g4xx_hal_cortex.c.obj
                0x08002108                HAL_NVIC_SetPriorityGrouping
 .text.HAL_NVIC_SetPriority
                0x0800212c       0x70 CMakeFiles/G4_DSP.elf.dir/Drivers/STM32G4xx_HAL_Driver/Src/stm32g4xx_hal_cortex.c.obj
                0x0800212c                HAL_NVIC_SetPriority
 .text.HAL_NVIC_EnableIRQ
                0x0800219c       0x1c CMakeFiles/G4_DSP.elf.dir/Drivers/STM32G4xx_HAL_Driver/Src/stm32g4xx_hal_cortex.c.obj
                0x0800219c                HAL_NVIC_EnableIRQ
 .text.HAL_GPIO_Init
                0x080021b8      0x1d4 CMakeFiles/G4_DSP.elf.dir/Drivers/STM32G4xx_HAL_Driver/Src/stm32g4xx_hal_gpio.c.obj
                0x080021b8                HAL_GPIO_Init
 .text.HAL_GPIO_WritePin
                0x0800238c        0xa CMakeFiles/G4_DSP.elf.dir/Drivers/STM32G4xx_HAL_Driver/Src/stm32g4xx_hal_gpio.c.obj
                0x0800238c                HAL_GPIO_WritePin
 .text.HAL_GPIO_EXTI_Callback
                0x08002396        0x2 CMakeFiles/G4_DSP.elf.dir/Drivers/STM32G4xx_HAL_Driver/Src/stm32g4xx_hal_gpio.c.obj
                0x08002396                HAL_GPIO_EXTI_Callback
 .text.HAL_GPIO_EXTI_IRQHandler
                0x08002398       0x1c CMakeFiles/G4_DSP.elf.dir/Drivers/STM32G4xx_HAL_Driver/Src/stm32g4xx_hal_gpio.c.obj
                0x08002398                HAL_GPIO_EXTI_IRQHandler
 .text.HAL_PWREx_ControlVoltageScaling
                0x080023b4      0x10c CMakeFiles/G4_DSP.elf.dir/Drivers/STM32G4xx_HAL_Driver/Src/stm32g4xx_hal_pwr_ex.c.obj
                0x080023b4                HAL_PWREx_ControlVoltageScaling
 .text.HAL_PWREx_DisableUCPDDeadBattery
                0x080024c0       0x10 CMakeFiles/G4_DSP.elf.dir/Drivers/STM32G4xx_HAL_Driver/Src/stm32g4xx_hal_pwr_ex.c.obj
                0x080024c0                HAL_PWREx_DisableUCPDDeadBattery
 .text.RCC_GetSysClockFreqFromPLLSource
                0x080024d0       0x58 CMakeFiles/G4_DSP.elf.dir/Drivers/STM32G4xx_HAL_Driver/Src/stm32g4xx_hal_rcc.c.obj
 .text.HAL_RCC_OscConfig
                0x08002528      0x4e4 CMakeFiles/G4_DSP.elf.dir/Drivers/STM32G4xx_HAL_Driver/Src/stm32g4xx_hal_rcc.c.obj
                0x08002528                HAL_RCC_OscConfig
 .text.HAL_RCC_GetSysClockFreq
                0x08002a0c       0x88 CMakeFiles/G4_DSP.elf.dir/Drivers/STM32G4xx_HAL_Driver/Src/stm32g4xx_hal_rcc.c.obj
                0x08002a0c                HAL_RCC_GetSysClockFreq
 .text.HAL_RCC_ClockConfig
                0x08002a94      0x1f8 CMakeFiles/G4_DSP.elf.dir/Drivers/STM32G4xx_HAL_Driver/Src/stm32g4xx_hal_rcc.c.obj
                0x08002a94                HAL_RCC_ClockConfig
 .text.HAL_RCC_GetHCLKFreq
                0x08002c8c        0xc CMakeFiles/G4_DSP.elf.dir/Drivers/STM32G4xx_HAL_Driver/Src/stm32g4xx_hal_rcc.c.obj
                0x08002c8c                HAL_RCC_GetHCLKFreq
 .text.HAL_RCC_GetPCLK1Freq
                0x08002c98       0x24 CMakeFiles/G4_DSP.elf.dir/Drivers/STM32G4xx_HAL_Driver/Src/stm32g4xx_hal_rcc.c.obj
                0x08002c98                HAL_RCC_GetPCLK1Freq
 .text.HAL_RCC_GetPCLK2Freq
                0x08002cbc       0x24 CMakeFiles/G4_DSP.elf.dir/Drivers/STM32G4xx_HAL_Driver/Src/stm32g4xx_hal_rcc.c.obj
                0x08002cbc                HAL_RCC_GetPCLK2Freq
 .text.HAL_RCC_GetClockConfig
                0x08002ce0       0x3c CMakeFiles/G4_DSP.elf.dir/Drivers/STM32G4xx_HAL_Driver/Src/stm32g4xx_hal_rcc.c.obj
                0x08002ce0                HAL_RCC_GetClockConfig
 .text.HAL_RCCEx_PeriphCLKConfig
                0x08002d1c      0x378 CMakeFiles/G4_DSP.elf.dir/Drivers/STM32G4xx_HAL_Driver/Src/stm32g4xx_hal_rcc_ex.c.obj
                0x08002d1c                HAL_RCCEx_PeriphCLKConfig
 .text.SPI_WaitFlagStateUntilTimeout
                0x08003094       0xd4 CMakeFiles/G4_DSP.elf.dir/Drivers/STM32G4xx_HAL_Driver/Src/stm32g4xx_hal_spi.c.obj
 .text.SPI_WaitFifoStateUntilTimeout
                0x08003168       0xf4 CMakeFiles/G4_DSP.elf.dir/Drivers/STM32G4xx_HAL_Driver/Src/stm32g4xx_hal_spi.c.obj
 .text.SPI_EndRxTxTransaction
                0x0800325c       0x62 CMakeFiles/G4_DSP.elf.dir/Drivers/STM32G4xx_HAL_Driver/Src/stm32g4xx_hal_spi.c.obj
 .text.HAL_SPI_Init
                0x080032be       0xe8 CMakeFiles/G4_DSP.elf.dir/Drivers/STM32G4xx_HAL_Driver/Src/stm32g4xx_hal_spi.c.obj
                0x080032be                HAL_SPI_Init
 .text.HAL_SPI_Transmit
                0x080033a6      0x1fe CMakeFiles/G4_DSP.elf.dir/Drivers/STM32G4xx_HAL_Driver/Src/stm32g4xx_hal_spi.c.obj
                0x080033a6                HAL_SPI_Transmit
 .text.HAL_TIM_Base_MspInit
                0x080035a4        0x2 CMakeFiles/G4_DSP.elf.dir/Drivers/STM32G4xx_HAL_Driver/Src/stm32g4xx_hal_tim.c.obj
                0x080035a4                HAL_TIM_Base_MspInit
 *fill*         0x080035a6        0x2 
 .text.HAL_TIM_Base_Start_IT
                0x080035a8       0x94 CMakeFiles/G4_DSP.elf.dir/Drivers/STM32G4xx_HAL_Driver/Src/stm32g4xx_hal_tim.c.obj
                0x080035a8                HAL_TIM_Base_Start_IT
 .text.HAL_TIM_OC_DelayElapsedCallback
                0x0800363c        0x2 CMakeFiles/G4_DSP.elf.dir/Drivers/STM32G4xx_HAL_Driver/Src/stm32g4xx_hal_tim.c.obj
                0x0800363c                HAL_TIM_OC_DelayElapsedCallback
 .text.HAL_TIM_IC_CaptureCallback
                0x0800363e        0x2 CMakeFiles/G4_DSP.elf.dir/Drivers/STM32G4xx_HAL_Driver/Src/stm32g4xx_hal_tim.c.obj
                0x0800363e                HAL_TIM_IC_CaptureCallback
 .text.HAL_TIM_PWM_PulseFinishedCallback
                0x08003640        0x2 CMakeFiles/G4_DSP.elf.dir/Drivers/STM32G4xx_HAL_Driver/Src/stm32g4xx_hal_tim.c.obj
                0x08003640                HAL_TIM_PWM_PulseFinishedCallback
 .text.HAL_TIM_TriggerCallback
                0x08003642        0x2 CMakeFiles/G4_DSP.elf.dir/Drivers/STM32G4xx_HAL_Driver/Src/stm32g4xx_hal_tim.c.obj
                0x08003642                HAL_TIM_TriggerCallback
 .text.HAL_TIM_IRQHandler
                0x08003644      0x1ea CMakeFiles/G4_DSP.elf.dir/Drivers/STM32G4xx_HAL_Driver/Src/stm32g4xx_hal_tim.c.obj
                0x08003644                HAL_TIM_IRQHandler
 *fill*         0x0800382e        0x2 
 .text.TIM_Base_SetConfig
                0x08003830       0xf0 CMakeFiles/G4_DSP.elf.dir/Drivers/STM32G4xx_HAL_Driver/Src/stm32g4xx_hal_tim.c.obj
                0x08003830                TIM_Base_SetConfig
 .text.HAL_TIM_Base_Init
                0x08003920       0x60 CMakeFiles/G4_DSP.elf.dir/Drivers/STM32G4xx_HAL_Driver/Src/stm32g4xx_hal_tim.c.obj
                0x08003920                HAL_TIM_Base_Init
 .text.HAL_TIMEx_CommutCallback
                0x08003980        0x2 CMakeFiles/G4_DSP.elf.dir/Drivers/STM32G4xx_HAL_Driver/Src/stm32g4xx_hal_tim_ex.c.obj
                0x08003980                HAL_TIMEx_CommutCallback
 .text.HAL_TIMEx_BreakCallback
                0x08003982        0x2 CMakeFiles/G4_DSP.elf.dir/Drivers/STM32G4xx_HAL_Driver/Src/stm32g4xx_hal_tim_ex.c.obj
                0x08003982                HAL_TIMEx_BreakCallback
 .text.HAL_TIMEx_Break2Callback
                0x08003984        0x2 CMakeFiles/G4_DSP.elf.dir/Drivers/STM32G4xx_HAL_Driver/Src/stm32g4xx_hal_tim_ex.c.obj
                0x08003984                HAL_TIMEx_Break2Callback
 .text.HAL_TIMEx_EncoderIndexCallback
                0x08003986        0x2 CMakeFiles/G4_DSP.elf.dir/Drivers/STM32G4xx_HAL_Driver/Src/stm32g4xx_hal_tim_ex.c.obj
                0x08003986                HAL_TIMEx_EncoderIndexCallback
 .text.HAL_TIMEx_DirectionChangeCallback
                0x08003988        0x2 CMakeFiles/G4_DSP.elf.dir/Drivers/STM32G4xx_HAL_Driver/Src/stm32g4xx_hal_tim_ex.c.obj
                0x08003988                HAL_TIMEx_DirectionChangeCallback
 .text.HAL_TIMEx_IndexErrorCallback
                0x0800398a        0x2 CMakeFiles/G4_DSP.elf.dir/Drivers/STM32G4xx_HAL_Driver/Src/stm32g4xx_hal_tim_ex.c.obj
                0x0800398a                HAL_TIMEx_IndexErrorCallback
 .text.HAL_TIMEx_TransitionErrorCallback
                0x0800398c        0x2 CMakeFiles/G4_DSP.elf.dir/Drivers/STM32G4xx_HAL_Driver/Src/stm32g4xx_hal_tim_ex.c.obj
                0x0800398c                HAL_TIMEx_TransitionErrorCallback
 .text.UART_EndRxTransfer
                0x0800398e       0x56 CMakeFiles/G4_DSP.elf.dir/Drivers/STM32G4xx_HAL_Driver/Src/stm32g4xx_hal_uart.c.obj
 .text.UART_SetConfig
                0x080039e4      0x388 CMakeFiles/G4_DSP.elf.dir/Drivers/STM32G4xx_HAL_Driver/Src/stm32g4xx_hal_uart.c.obj
                0x080039e4                UART_SetConfig
 .text.UART_AdvFeatureConfig
                0x08003d6c       0xca CMakeFiles/G4_DSP.elf.dir/Drivers/STM32G4xx_HAL_Driver/Src/stm32g4xx_hal_uart.c.obj
                0x08003d6c                UART_AdvFeatureConfig
 .text.UART_WaitOnFlagUntilTimeout
                0x08003e36       0xa2 CMakeFiles/G4_DSP.elf.dir/Drivers/STM32G4xx_HAL_Driver/Src/stm32g4xx_hal_uart.c.obj
                0x08003e36                UART_WaitOnFlagUntilTimeout
 .text.UART_CheckIdleState
                0x08003ed8       0xca CMakeFiles/G4_DSP.elf.dir/Drivers/STM32G4xx_HAL_Driver/Src/stm32g4xx_hal_uart.c.obj
                0x08003ed8                UART_CheckIdleState
 .text.HAL_UART_Init
                0x08003fa2       0x66 CMakeFiles/G4_DSP.elf.dir/Drivers/STM32G4xx_HAL_Driver/Src/stm32g4xx_hal_uart.c.obj
                0x08003fa2                HAL_UART_Init
 .text.UARTEx_SetNbDataToProcess
                0x08004008       0x4c CMakeFiles/G4_DSP.elf.dir/Drivers/STM32G4xx_HAL_Driver/Src/stm32g4xx_hal_uart_ex.c.obj
 .text.HAL_UARTEx_DisableFifoMode
                0x08004054       0x3e CMakeFiles/G4_DSP.elf.dir/Drivers/STM32G4xx_HAL_Driver/Src/stm32g4xx_hal_uart_ex.c.obj
                0x08004054                HAL_UARTEx_DisableFifoMode
 .text.HAL_UARTEx_SetTxFifoThreshold
                0x08004092       0x4a CMakeFiles/G4_DSP.elf.dir/Drivers/STM32G4xx_HAL_Driver/Src/stm32g4xx_hal_uart_ex.c.obj
                0x08004092                HAL_UARTEx_SetTxFifoThreshold
 .text.HAL_UARTEx_SetRxFifoThreshold
                0x080040dc       0x4a CMakeFiles/G4_DSP.elf.dir/Drivers/STM32G4xx_HAL_Driver/Src/stm32g4xx_hal_uart_ex.c.obj
                0x080040dc                HAL_UARTEx_SetRxFifoThreshold
 .text.SysTick_Handler
                0x08004126       0x18 CMakeFiles/G4_DSP.elf.dir/Middlewares/Third_Party/FreeRTOS/Source/CMSIS_RTOS_V2/cmsis_os2.c.obj
                0x08004126                SysTick_Handler
 *fill*         0x0800413e        0x2 
 .text.osKernelInitialize
                0x08004140       0x24 CMakeFiles/G4_DSP.elf.dir/Middlewares/Third_Party/FreeRTOS/Source/CMSIS_RTOS_V2/cmsis_os2.c.obj
                0x08004140                osKernelInitialize
 .text.osKernelStart
                0x08004164       0x38 CMakeFiles/G4_DSP.elf.dir/Middlewares/Third_Party/FreeRTOS/Source/CMSIS_RTOS_V2/cmsis_os2.c.obj
                0x08004164                osKernelStart
 .text.osThreadNew
                0x0800419c       0xbc CMakeFiles/G4_DSP.elf.dir/Middlewares/Third_Party/FreeRTOS/Source/CMSIS_RTOS_V2/cmsis_os2.c.obj
                0x0800419c                osThreadNew
 .text.vApplicationGetIdleTaskMemory
                0x08004258       0x18 CMakeFiles/G4_DSP.elf.dir/Middlewares/Third_Party/FreeRTOS/Source/CMSIS_RTOS_V2/cmsis_os2.c.obj
                0x08004258                vApplicationGetIdleTaskMemory
 .text.vApplicationGetTimerTaskMemory
                0x08004270       0x18 CMakeFiles/G4_DSP.elf.dir/Middlewares/Third_Party/FreeRTOS/Source/CMSIS_RTOS_V2/cmsis_os2.c.obj
                0x08004270                vApplicationGetTimerTaskMemory
 .text.vListInitialise
                0x08004288       0x16 CMakeFiles/G4_DSP.elf.dir/Middlewares/Third_Party/FreeRTOS/Source/list.c.obj
                0x08004288                vListInitialise
 .text.vListInitialiseItem
                0x0800429e        0x6 CMakeFiles/G4_DSP.elf.dir/Middlewares/Third_Party/FreeRTOS/Source/list.c.obj
                0x0800429e                vListInitialiseItem
 .text.vListInsertEnd
                0x080042a4       0x16 CMakeFiles/G4_DSP.elf.dir/Middlewares/Third_Party/FreeRTOS/Source/list.c.obj
                0x080042a4                vListInsertEnd
 .text.vListInsert
                0x080042ba       0x32 CMakeFiles/G4_DSP.elf.dir/Middlewares/Third_Party/FreeRTOS/Source/list.c.obj
                0x080042ba                vListInsert
 .text.uxListRemove
                0x080042ec       0x26 CMakeFiles/G4_DSP.elf.dir/Middlewares/Third_Party/FreeRTOS/Source/list.c.obj
                0x080042ec                uxListRemove
 *fill*         0x08004312        0x2 
 .text.prvTaskExitError
                0x08004314       0x40 CMakeFiles/G4_DSP.elf.dir/Middlewares/Third_Party/FreeRTOS/Source/portable/GCC/ARM_CM4F/port.c.obj
 .text.prvPortStartFirstTask
                0x08004354       0x28 CMakeFiles/G4_DSP.elf.dir/Middlewares/Third_Party/FreeRTOS/Source/portable/GCC/ARM_CM4F/port.c.obj
 .text.vPortEnableVFP
                0x0800437c       0x14 CMakeFiles/G4_DSP.elf.dir/Middlewares/Third_Party/FreeRTOS/Source/portable/GCC/ARM_CM4F/port.c.obj
 .text.pxPortInitialiseStack
                0x08004390       0x2c CMakeFiles/G4_DSP.elf.dir/Middlewares/Third_Party/FreeRTOS/Source/portable/GCC/ARM_CM4F/port.c.obj
                0x08004390                pxPortInitialiseStack
 *fill*         0x080043bc        0x4 
 .text.SVC_Handler
                0x080043c0       0x24 CMakeFiles/G4_DSP.elf.dir/Middlewares/Third_Party/FreeRTOS/Source/portable/GCC/ARM_CM4F/port.c.obj
                0x080043c0                SVC_Handler
 .text.vPortEnterCritical
                0x080043e4       0x44 CMakeFiles/G4_DSP.elf.dir/Middlewares/Third_Party/FreeRTOS/Source/portable/GCC/ARM_CM4F/port.c.obj
                0x080043e4                vPortEnterCritical
 .text.vPortExitCritical
                0x08004428       0x2c CMakeFiles/G4_DSP.elf.dir/Middlewares/Third_Party/FreeRTOS/Source/portable/GCC/ARM_CM4F/port.c.obj
                0x08004428                vPortExitCritical
 *fill*         0x08004454        0xc 
 .text.PendSV_Handler
                0x08004460       0x64 CMakeFiles/G4_DSP.elf.dir/Middlewares/Third_Party/FreeRTOS/Source/portable/GCC/ARM_CM4F/port.c.obj
                0x08004460                PendSV_Handler
 .text.xPortSysTickHandler
                0x080044c4       0x2c CMakeFiles/G4_DSP.elf.dir/Middlewares/Third_Party/FreeRTOS/Source/portable/GCC/ARM_CM4F/port.c.obj
                0x080044c4                xPortSysTickHandler
 .text.vPortSetupTimerInterrupt
                0x080044f0       0x28 CMakeFiles/G4_DSP.elf.dir/Middlewares/Third_Party/FreeRTOS/Source/portable/GCC/ARM_CM4F/port.c.obj
                0x080044f0                vPortSetupTimerInterrupt
 .text.xPortStartScheduler
                0x08004518      0x118 CMakeFiles/G4_DSP.elf.dir/Middlewares/Third_Party/FreeRTOS/Source/portable/GCC/ARM_CM4F/port.c.obj
                0x08004518                xPortStartScheduler
 .text.vPortValidateInterruptPriority
                0x08004630       0x5c CMakeFiles/G4_DSP.elf.dir/Middlewares/Third_Party/FreeRTOS/Source/portable/GCC/ARM_CM4F/port.c.obj
                0x08004630                vPortValidateInterruptPriority
 .text.prvHeapInit
                0x0800468c       0x64 CMakeFiles/G4_DSP.elf.dir/Middlewares/Third_Party/FreeRTOS/Source/portable/MemMang/heap_4.c.obj
 .text.prvInsertBlockIntoFreeList
                0x080046f0       0x64 CMakeFiles/G4_DSP.elf.dir/Middlewares/Third_Party/FreeRTOS/Source/portable/MemMang/heap_4.c.obj
 .text.pvPortMalloc
                0x08004754       0xfc CMakeFiles/G4_DSP.elf.dir/Middlewares/Third_Party/FreeRTOS/Source/portable/MemMang/heap_4.c.obj
                0x08004754                pvPortMalloc
 .text.vPortFree
                0x08004850       0x7c CMakeFiles/G4_DSP.elf.dir/Middlewares/Third_Party/FreeRTOS/Source/portable/MemMang/heap_4.c.obj
                0x08004850                vPortFree
 .text.prvIsQueueFull
                0x080048cc       0x1e CMakeFiles/G4_DSP.elf.dir/Middlewares/Third_Party/FreeRTOS/Source/queue.c.obj
 .text.prvIsQueueEmpty
                0x080048ea       0x1a CMakeFiles/G4_DSP.elf.dir/Middlewares/Third_Party/FreeRTOS/Source/queue.c.obj
 .text.prvCopyDataToQueue
                0x08004904       0x76 CMakeFiles/G4_DSP.elf.dir/Middlewares/Third_Party/FreeRTOS/Source/queue.c.obj
 .text.prvCopyDataFromQueue
                0x0800497a       0x24 CMakeFiles/G4_DSP.elf.dir/Middlewares/Third_Party/FreeRTOS/Source/queue.c.obj
 .text.prvUnlockQueue
                0x0800499e       0x6e CMakeFiles/G4_DSP.elf.dir/Middlewares/Third_Party/FreeRTOS/Source/queue.c.obj
 .text.xQueueGenericReset
                0x08004a0c       0x84 CMakeFiles/G4_DSP.elf.dir/Middlewares/Third_Party/FreeRTOS/Source/queue.c.obj
                0x08004a0c                xQueueGenericReset
 .text.prvInitialiseNewQueue
                0x08004a90       0x22 CMakeFiles/G4_DSP.elf.dir/Middlewares/Third_Party/FreeRTOS/Source/queue.c.obj
 .text.xQueueGenericCreateStatic
                0x08004ab2       0x94 CMakeFiles/G4_DSP.elf.dir/Middlewares/Third_Party/FreeRTOS/Source/queue.c.obj
                0x08004ab2                xQueueGenericCreateStatic
 .text.xQueueGenericSend
                0x08004b46      0x188 CMakeFiles/G4_DSP.elf.dir/Middlewares/Third_Party/FreeRTOS/Source/queue.c.obj
                0x08004b46                xQueueGenericSend
 .text.xQueueGenericSendFromISR
                0x08004cce       0xce CMakeFiles/G4_DSP.elf.dir/Middlewares/Third_Party/FreeRTOS/Source/queue.c.obj
                0x08004cce                xQueueGenericSendFromISR
 .text.xQueueReceive
                0x08004d9c      0x15e CMakeFiles/G4_DSP.elf.dir/Middlewares/Third_Party/FreeRTOS/Source/queue.c.obj
                0x08004d9c                xQueueReceive
 *fill*         0x08004efa        0x2 
 .text.vQueueAddToRegistry
                0x08004efc       0x28 CMakeFiles/G4_DSP.elf.dir/Middlewares/Third_Party/FreeRTOS/Source/queue.c.obj
                0x08004efc                vQueueAddToRegistry
 .text.vQueueWaitForMessageRestricted
                0x08004f24       0x52 CMakeFiles/G4_DSP.elf.dir/Middlewares/Third_Party/FreeRTOS/Source/queue.c.obj
                0x08004f24                vQueueWaitForMessageRestricted
 *fill*         0x08004f76        0x2 
 .text.prvResetNextTaskUnblockTime
                0x08004f78       0x2c CMakeFiles/G4_DSP.elf.dir/Middlewares/Third_Party/FreeRTOS/Source/tasks.c.obj
 .text.prvInitialiseNewTask
                0x08004fa4       0xa6 CMakeFiles/G4_DSP.elf.dir/Middlewares/Third_Party/FreeRTOS/Source/tasks.c.obj
 *fill*         0x0800504a        0x2 
 .text.prvInitialiseTaskLists
                0x0800504c       0x68 CMakeFiles/G4_DSP.elf.dir/Middlewares/Third_Party/FreeRTOS/Source/tasks.c.obj
 .text.prvAddNewTaskToReadyList
                0x080050b4       0xac CMakeFiles/G4_DSP.elf.dir/Middlewares/Third_Party/FreeRTOS/Source/tasks.c.obj
 .text.prvDeleteTCB
                0x08005160       0x38 CMakeFiles/G4_DSP.elf.dir/Middlewares/Third_Party/FreeRTOS/Source/tasks.c.obj
 .text.prvCheckTasksWaitingTermination
                0x08005198       0x4c CMakeFiles/G4_DSP.elf.dir/Middlewares/Third_Party/FreeRTOS/Source/tasks.c.obj
 .text.prvIdleTask
                0x080051e4       0x28 CMakeFiles/G4_DSP.elf.dir/Middlewares/Third_Party/FreeRTOS/Source/tasks.c.obj
 .text.prvAddCurrentTaskToDelayedList
                0x0800520c       0x7c CMakeFiles/G4_DSP.elf.dir/Middlewares/Third_Party/FreeRTOS/Source/tasks.c.obj
 .text.xTaskCreateStatic
                0x08005288       0x76 CMakeFiles/G4_DSP.elf.dir/Middlewares/Third_Party/FreeRTOS/Source/tasks.c.obj
                0x08005288                xTaskCreateStatic
 .text.xTaskCreate
                0x080052fe       0x68 CMakeFiles/G4_DSP.elf.dir/Middlewares/Third_Party/FreeRTOS/Source/tasks.c.obj
                0x080052fe                xTaskCreate
 *fill*         0x08005366        0x2 
 .text.vTaskStartScheduler
                0x08005368       0x9c CMakeFiles/G4_DSP.elf.dir/Middlewares/Third_Party/FreeRTOS/Source/tasks.c.obj
                0x08005368                vTaskStartScheduler
 .text.vTaskSuspendAll
                0x08005404       0x10 CMakeFiles/G4_DSP.elf.dir/Middlewares/Third_Party/FreeRTOS/Source/tasks.c.obj
                0x08005404                vTaskSuspendAll
 .text.xTaskGetTickCount
                0x08005414        0xc CMakeFiles/G4_DSP.elf.dir/Middlewares/Third_Party/FreeRTOS/Source/tasks.c.obj
                0x08005414                xTaskGetTickCount
 .text.xTaskIncrementTick
                0x08005420      0x118 CMakeFiles/G4_DSP.elf.dir/Middlewares/Third_Party/FreeRTOS/Source/tasks.c.obj
                0x08005420                xTaskIncrementTick
 .text.xTaskResumeAll
                0x08005538       0xf8 CMakeFiles/G4_DSP.elf.dir/Middlewares/Third_Party/FreeRTOS/Source/tasks.c.obj
                0x08005538                xTaskResumeAll
 .text.vTaskSwitchContext
                0x08005630       0x94 CMakeFiles/G4_DSP.elf.dir/Middlewares/Third_Party/FreeRTOS/Source/tasks.c.obj
                0x08005630                vTaskSwitchContext
 .text.vTaskPlaceOnEventList
                0x080056c4       0x30 CMakeFiles/G4_DSP.elf.dir/Middlewares/Third_Party/FreeRTOS/Source/tasks.c.obj
                0x080056c4                vTaskPlaceOnEventList
 .text.vTaskPlaceOnEventListRestricted
                0x080056f4       0x38 CMakeFiles/G4_DSP.elf.dir/Middlewares/Third_Party/FreeRTOS/Source/tasks.c.obj
                0x080056f4                vTaskPlaceOnEventListRestricted
 .text.xTaskRemoveFromEventList
                0x0800572c       0x8c CMakeFiles/G4_DSP.elf.dir/Middlewares/Third_Party/FreeRTOS/Source/tasks.c.obj
                0x0800572c                xTaskRemoveFromEventList
 .text.vTaskInternalSetTimeOutState
                0x080057b8       0x18 CMakeFiles/G4_DSP.elf.dir/Middlewares/Third_Party/FreeRTOS/Source/tasks.c.obj
                0x080057b8                vTaskInternalSetTimeOutState
 .text.xTaskCheckForTimeOut
                0x080057d0       0x84 CMakeFiles/G4_DSP.elf.dir/Middlewares/Third_Party/FreeRTOS/Source/tasks.c.obj
                0x080057d0                xTaskCheckForTimeOut
 .text.vTaskMissedYield
                0x08005854        0xc CMakeFiles/G4_DSP.elf.dir/Middlewares/Third_Party/FreeRTOS/Source/tasks.c.obj
                0x08005854                vTaskMissedYield
 .text.xTaskGetSchedulerState
                0x08005860       0x20 CMakeFiles/G4_DSP.elf.dir/Middlewares/Third_Party/FreeRTOS/Source/tasks.c.obj
                0x08005860                xTaskGetSchedulerState
 .text.xTaskPriorityDisinherit
                0x08005880       0x90 CMakeFiles/G4_DSP.elf.dir/Middlewares/Third_Party/FreeRTOS/Source/tasks.c.obj
                0x08005880                xTaskPriorityDisinherit
 .text.prvGetNextExpireTime
                0x08005910       0x20 CMakeFiles/G4_DSP.elf.dir/Middlewares/Third_Party/FreeRTOS/Source/timers.c.obj
 .text.prvInsertTimerInActiveList
                0x08005930       0x48 CMakeFiles/G4_DSP.elf.dir/Middlewares/Third_Party/FreeRTOS/Source/timers.c.obj
 .text.prvCheckForValidListAndQueue
                0x08005978       0x70 CMakeFiles/G4_DSP.elf.dir/Middlewares/Third_Party/FreeRTOS/Source/timers.c.obj
 .text.xTimerCreateTimerTask
                0x080059e8       0x64 CMakeFiles/G4_DSP.elf.dir/Middlewares/Third_Party/FreeRTOS/Source/timers.c.obj
                0x080059e8                xTimerCreateTimerTask
 .text.xTimerGenericCommand
                0x08005a4c       0x6c CMakeFiles/G4_DSP.elf.dir/Middlewares/Third_Party/FreeRTOS/Source/timers.c.obj
                0x08005a4c                xTimerGenericCommand
 .text.prvSwitchTimerLists
                0x08005ab8       0x7c CMakeFiles/G4_DSP.elf.dir/Middlewares/Third_Party/FreeRTOS/Source/timers.c.obj
 .text.prvSampleTimeNow
                0x08005b34       0x2c CMakeFiles/G4_DSP.elf.dir/Middlewares/Third_Party/FreeRTOS/Source/timers.c.obj
 .text.prvProcessExpiredTimer
                0x08005b60       0x6c CMakeFiles/G4_DSP.elf.dir/Middlewares/Third_Party/FreeRTOS/Source/timers.c.obj
 .text.prvProcessTimerOrBlockTask
                0x08005bcc       0x74 CMakeFiles/G4_DSP.elf.dir/Middlewares/Third_Party/FreeRTOS/Source/timers.c.obj
 .text.prvProcessReceivedCommands
                0x08005c40      0x10c CMakeFiles/G4_DSP.elf.dir/Middlewares/Third_Party/FreeRTOS/Source/timers.c.obj
 .text.prvTimerTask
                0x08005d4c       0x16 CMakeFiles/G4_DSP.elf.dir/Middlewares/Third_Party/FreeRTOS/Source/timers.c.obj
 *fill*         0x08005d62        0x2 
 .text.__libc_init_array
                0x08005d64       0x48 c:/progra~1/gcc-ar~1.10/bin/../lib/gcc/arm-none-eabi/10.3.1/../../../../arm-none-eabi/lib/thumb/v7e-m+fp/hard\libg.a(lib_a-init.o)
                0x08005d64                __libc_init_array
 .text.memset   0x08005dac       0xa4 c:/progra~1/gcc-ar~1.10/bin/../lib/gcc/arm-none-eabi/10.3.1/../../../../arm-none-eabi/lib/thumb/v7e-m+fp/hard\libg.a(lib_a-memset.o)
                0x08005dac                memset
 .text.startup.register_fini
                0x08005e50       0x14 c:/progra~1/gcc-ar~1.10/bin/../lib/gcc/arm-none-eabi/10.3.1/../../../../arm-none-eabi/lib/thumb/v7e-m+fp/hard\libg.a(lib_a-__call_atexit.o)
 .text.atexit   0x08005e64        0xc c:/progra~1/gcc-ar~1.10/bin/../lib/gcc/arm-none-eabi/10.3.1/../../../../arm-none-eabi/lib/thumb/v7e-m+fp/hard\libg.a(lib_a-atexit.o)
                0x08005e64                atexit
 .text.__libc_fini_array
                0x08005e70       0x2c c:/progra~1/gcc-ar~1.10/bin/../lib/gcc/arm-none-eabi/10.3.1/../../../../arm-none-eabi/lib/thumb/v7e-m+fp/hard\libg.a(lib_a-fini.o)
                0x08005e70                __libc_fini_array
 .text.__retarget_lock_acquire_recursive
                0x08005e9c        0x4 c:/progra~1/gcc-ar~1.10/bin/../lib/gcc/arm-none-eabi/10.3.1/../../../../arm-none-eabi/lib/thumb/v7e-m+fp/hard\libg.a(lib_a-lock.o)
                0x08005e9c                __retarget_lock_acquire_recursive
 .text.__retarget_lock_release_recursive
                0x08005ea0        0x4 c:/progra~1/gcc-ar~1.10/bin/../lib/gcc/arm-none-eabi/10.3.1/../../../../arm-none-eabi/lib/thumb/v7e-m+fp/hard\libg.a(lib_a-lock.o)
                0x08005ea0                __retarget_lock_release_recursive
 .text.__register_exitproc
                0x08005ea4       0x8c c:/progra~1/gcc-ar~1.10/bin/../lib/gcc/arm-none-eabi/10.3.1/../../../../arm-none-eabi/lib/thumb/v7e-m+fp/hard\libg.a(lib_a-__atexit.o)
                0x08005ea4                __register_exitproc
 *(.glue_7)
 .glue_7        0x08005f30        0x0 linker stubs
 *(.glue_7t)
 .glue_7t       0x08005f30        0x0 linker stubs
 *(.eh_frame)
 .eh_frame      0x08005f30        0x0 c:/progra~1/gcc-ar~1.10/bin/../lib/gcc/arm-none-eabi/10.3.1/thumb/v7e-m+fp/hard/crtbegin.o
 *(.init)
 .init          0x08005f30        0x4 c:/progra~1/gcc-ar~1.10/bin/../lib/gcc/arm-none-eabi/10.3.1/thumb/v7e-m+fp/hard/crti.o
                0x08005f30                _init
 .init          0x08005f34        0x8 c:/progra~1/gcc-ar~1.10/bin/../lib/gcc/arm-none-eabi/10.3.1/thumb/v7e-m+fp/hard/crtn.o
 *(.fini)
 .fini          0x08005f3c        0x4 c:/progra~1/gcc-ar~1.10/bin/../lib/gcc/arm-none-eabi/10.3.1/thumb/v7e-m+fp/hard/crti.o
                0x08005f3c                _fini
 .fini          0x08005f40        0x8 c:/progra~1/gcc-ar~1.10/bin/../lib/gcc/arm-none-eabi/10.3.1/thumb/v7e-m+fp/hard/crtn.o
                0x08005f48                . = ALIGN (0x4)
                0x08005f48                _etext = .

.vfp11_veneer   0x08005f48        0x0
 .vfp11_veneer  0x08005f48        0x0 linker stubs

.v4_bx          0x08005f48        0x0
 .v4_bx         0x08005f48        0x0 linker stubs

.iplt           0x08005f48        0x0
 .iplt          0x08005f48        0x0 c:/progra~1/gcc-ar~1.10/bin/../lib/gcc/arm-none-eabi/10.3.1/thumb/v7e-m+fp/hard/crtbegin.o

.rodata         0x08005f48     0x6aac
                0x08005f48                . = ALIGN (0x4)
 *(.rodata)
 *(.rodata*)
 .rodata.App_main.str1.4
                0x08005f48        0x9 CMakeFiles/G4_DSP.elf.dir/Core/Src/app_freertos.c.obj
 *fill*         0x08005f51        0x3 
 .rodata.str1.4
                0x08005f54        0x5 CMakeFiles/G4_DSP.elf.dir/Core/Src/app_freertos.c.obj
 *fill*         0x08005f59        0x3 
 .rodata.main_attributes
                0x08005f5c       0x24 CMakeFiles/G4_DSP.elf.dir/Core/Src/app_freertos.c.obj
                0x08005f5c                main_attributes
 .rodata.AHBPrescTable
                0x08005f80       0x10 CMakeFiles/G4_DSP.elf.dir/Core/Src/system_stm32g4xx.c.obj
                0x08005f80                AHBPrescTable
 .rodata.APBPrescTable
                0x08005f90        0x8 CMakeFiles/G4_DSP.elf.dir/Core/Src/system_stm32g4xx.c.obj
                0x08005f90                APBPrescTable
 .rodata.armBitRevIndexTable1024
                0x08005f98      0xe10 CMakeFiles/G4_DSP.elf.dir/DSP/Source/CommonTables/CommonTables.c.obj
                0x08005f98                armBitRevIndexTable1024
 .rodata.arm_cfft_sR_f32_len1024
                0x08006da8       0x10 CMakeFiles/G4_DSP.elf.dir/DSP/Source/CommonTables/CommonTables.c.obj
                0x08006da8                arm_cfft_sR_f32_len1024
 .rodata.sinTable_f32
                0x08006db8      0x804 CMakeFiles/G4_DSP.elf.dir/DSP/Source/CommonTables/CommonTables.c.obj
                0x08006db8                sinTable_f32
 .rodata.twiddleCoef_1024
                0x080075bc     0x2000 CMakeFiles/G4_DSP.elf.dir/DSP/Source/CommonTables/CommonTables.c.obj
                0x080075bc                twiddleCoef_1024
 .rodata.ascii_1206
                0x080095bc      0x474 CMakeFiles/G4_DSP.elf.dir/Drivers/LCD_240_280/Src/lcd.c.obj
                0x080095bc                ascii_1206
 .rodata.ascii_1608
                0x08009a30      0x5f0 CMakeFiles/G4_DSP.elf.dir/Drivers/LCD_240_280/Src/lcd.c.obj
                0x08009a30                ascii_1608
 .rodata.ascii_2412
                0x0800a020     0x11d0 CMakeFiles/G4_DSP.elf.dir/Drivers/LCD_240_280/Src/lcd.c.obj
                0x0800a020                ascii_2412
 .rodata.ascii_3216
                0x0800b1f0     0x17c0 CMakeFiles/G4_DSP.elf.dir/Drivers/LCD_240_280/Src/lcd.c.obj
                0x0800b1f0                ascii_3216
 .rodata.UARTPrescTable
                0x0800c9b0       0x18 CMakeFiles/G4_DSP.elf.dir/Drivers/STM32G4xx_HAL_Driver/Src/stm32g4xx_hal_uart.c.obj
                0x0800c9b0                UARTPrescTable
 .rodata.denominator.0
                0x0800c9c8        0x8 CMakeFiles/G4_DSP.elf.dir/Drivers/STM32G4xx_HAL_Driver/Src/stm32g4xx_hal_uart_ex.c.obj
 .rodata.numerator.1
                0x0800c9d0        0x8 CMakeFiles/G4_DSP.elf.dir/Drivers/STM32G4xx_HAL_Driver/Src/stm32g4xx_hal_uart_ex.c.obj
 .rodata.vTaskStartScheduler.str1.4
                0x0800c9d8        0x5 CMakeFiles/G4_DSP.elf.dir/Middlewares/Third_Party/FreeRTOS/Source/tasks.c.obj
 *fill*         0x0800c9dd        0x3 
 .rodata.prvCheckForValidListAndQueue.str1.4
                0x0800c9e0        0x5 CMakeFiles/G4_DSP.elf.dir/Middlewares/Third_Party/FreeRTOS/Source/timers.c.obj
 *fill*         0x0800c9e5        0x3 
 .rodata.xTimerCreateTimerTask.str1.4
                0x0800c9e8        0x8 CMakeFiles/G4_DSP.elf.dir/Middlewares/Third_Party/FreeRTOS/Source/timers.c.obj
 .rodata._global_impure_ptr
                0x0800c9f0        0x4 c:/progra~1/gcc-ar~1.10/bin/../lib/gcc/arm-none-eabi/10.3.1/../../../../arm-none-eabi/lib/thumb/v7e-m+fp/hard\libg.a(lib_a-impure.o)
                0x0800c9f0                _global_impure_ptr
                0x0800c9f4                . = ALIGN (0x4)

.ARM.extab      0x0800c9f4        0x0
                0x0800c9f4                . = ALIGN (0x4)
 *(.ARM.extab* .gnu.linkonce.armextab.*)
                0x0800c9f4                . = ALIGN (0x4)

.ARM            0x0800c9f4        0x8
                0x0800c9f4                . = ALIGN (0x4)
                0x0800c9f4                __exidx_start = .
 *(.ARM.exidx*)
 .ARM.exidx     0x0800c9f4        0x8 c:/progra~1/gcc-ar~1.10/bin/../lib/gcc/arm-none-eabi/10.3.1/thumb/v7e-m+fp/hard\libgcc.a(_udivmoddi4.o)
                0x0800c9fc                __exidx_end = .
                0x0800c9fc                . = ALIGN (0x4)

.rel.dyn        0x0800c9fc        0x0
 .rel.iplt      0x0800c9fc        0x0 c:/progra~1/gcc-ar~1.10/bin/../lib/gcc/arm-none-eabi/10.3.1/thumb/v7e-m+fp/hard/crtbegin.o

.preinit_array  0x0800c9fc        0x0
                0x0800c9fc                . = ALIGN (0x4)
                0x0800c9fc                PROVIDE (__preinit_array_start = .)
 *(.preinit_array*)
                0x0800c9fc                PROVIDE (__preinit_array_end = .)
                0x0800c9fc                . = ALIGN (0x4)

.init_array     0x0800c9fc        0x8
                0x0800c9fc                . = ALIGN (0x4)
                0x0800c9fc                PROVIDE (__init_array_start = .)
 *(SORT_BY_NAME(.init_array.*))
 .init_array.00000
                0x0800c9fc        0x4 c:/progra~1/gcc-ar~1.10/bin/../lib/gcc/arm-none-eabi/10.3.1/../../../../arm-none-eabi/lib/thumb/v7e-m+fp/hard\libg.a(lib_a-__call_atexit.o)
 *(.init_array*)
 .init_array    0x0800ca00        0x4 c:/progra~1/gcc-ar~1.10/bin/../lib/gcc/arm-none-eabi/10.3.1/thumb/v7e-m+fp/hard/crtbegin.o
                0x0800ca04                PROVIDE (__init_array_end = .)
                0x0800ca04                . = ALIGN (0x4)

.fini_array     0x0800ca04        0x4
                0x0800ca04                . = ALIGN (0x4)
                0x0800ca04                PROVIDE (__fini_array_start = .)
 *(SORT_BY_NAME(.fini_array.*))
 *(.fini_array*)
 .fini_array    0x0800ca04        0x4 c:/progra~1/gcc-ar~1.10/bin/../lib/gcc/arm-none-eabi/10.3.1/thumb/v7e-m+fp/hard/crtbegin.o
                0x0800ca08                PROVIDE (__fini_array_end = .)
                0x0800ca08                . = ALIGN (0x4)
                0x0800ca08                _sidata = LOADADDR (.data)

.data           0x20000000      0x43c load address 0x0800ca08
                0x20000000                . = ALIGN (0x4)
                0x20000000                _sdata = .
 *(.data)
 *(.data*)
 .data.SystemCoreClock
                0x20000000        0x4 CMakeFiles/G4_DSP.elf.dir/Core/Src/system_stm32g4xx.c.obj
                0x20000000                SystemCoreClock
 .data.uwTickFreq
                0x20000004        0x4 CMakeFiles/G4_DSP.elf.dir/Drivers/STM32G4xx_HAL_Driver/Src/stm32g4xx_hal.c.obj
                0x20000004                uwTickFreq
 .data.uwTickPrio
                0x20000008        0x4 CMakeFiles/G4_DSP.elf.dir/Drivers/STM32G4xx_HAL_Driver/Src/stm32g4xx_hal.c.obj
                0x20000008                uwTickPrio
 .data.uxCriticalNesting
                0x2000000c        0x4 CMakeFiles/G4_DSP.elf.dir/Middlewares/Third_Party/FreeRTOS/Source/portable/GCC/ARM_CM4F/port.c.obj
 .data.impure_data
                0x20000010      0x428 c:/progra~1/gcc-ar~1.10/bin/../lib/gcc/arm-none-eabi/10.3.1/../../../../arm-none-eabi/lib/thumb/v7e-m+fp/hard\libg.a(lib_a-impure.o)
 .data.__atexit_recursive_mutex
                0x20000438        0x4 c:/progra~1/gcc-ar~1.10/bin/../lib/gcc/arm-none-eabi/10.3.1/../../../../arm-none-eabi/lib/thumb/v7e-m+fp/hard\libg.a(lib_a-__call_atexit.o)
                0x20000438                __atexit_recursive_mutex
 *(.RamFunc)
 *(.RamFunc*)
                0x2000043c                . = ALIGN (0x4)
                0x2000043c                _edata = .

.igot.plt       0x2000043c        0x0 load address 0x0800ce44
 .igot.plt      0x2000043c        0x0 c:/progra~1/gcc-ar~1.10/bin/../lib/gcc/arm-none-eabi/10.3.1/thumb/v7e-m+fp/hard/crtbegin.o
                0x2000043c                . = ALIGN (0x4)

.bss            0x2000043c     0x47bc load address 0x0800ce44
                0x2000043c                _sbss = .
                0x2000043c                __bss_start__ = _sbss
 *(.bss)
 .bss           0x2000043c       0x1c c:/progra~1/gcc-ar~1.10/bin/../lib/gcc/arm-none-eabi/10.3.1/thumb/v7e-m+fp/hard/crtbegin.o
 *(.bss*)
 .bss.fft_inputbuf
                0x20000458     0x2000 CMakeFiles/G4_DSP.elf.dir/Core/Src/app_freertos.c.obj
                0x20000458                fft_inputbuf
 .bss.fft_outputbuf
                0x20002458     0x1000 CMakeFiles/G4_DSP.elf.dir/Core/Src/app_freertos.c.obj
                0x20002458                fft_outputbuf
 .bss.mainHandle
                0x20003458        0x4 CMakeFiles/G4_DSP.elf.dir/Core/Src/app_freertos.c.obj
                0x20003458                mainHandle
 .bss.hspi1     0x2000345c       0x64 CMakeFiles/G4_DSP.elf.dir/Core/Src/spi.c.obj
                0x2000345c                hspi1
 .bss.htim6     0x200034c0       0x4c CMakeFiles/G4_DSP.elf.dir/Core/Src/stm32g4xx_hal_timebase_tim.c.obj
                0x200034c0                htim6
 .bss.hlpuart1  0x2000350c       0x94 CMakeFiles/G4_DSP.elf.dir/Core/Src/usart.c.obj
                0x2000350c                hlpuart1
 .bss.uwTick    0x200035a0        0x4 CMakeFiles/G4_DSP.elf.dir/Drivers/STM32G4xx_HAL_Driver/Src/stm32g4xx_hal.c.obj
                0x200035a0                uwTick
 .bss.Idle_Stack.2
                0x200035a4      0x100 CMakeFiles/G4_DSP.elf.dir/Middlewares/Third_Party/FreeRTOS/Source/CMSIS_RTOS_V2/cmsis_os2.c.obj
 .bss.Idle_TCB.3
                0x200036a4       0x5c CMakeFiles/G4_DSP.elf.dir/Middlewares/Third_Party/FreeRTOS/Source/CMSIS_RTOS_V2/cmsis_os2.c.obj
 .bss.KernelState
                0x20003700        0x4 CMakeFiles/G4_DSP.elf.dir/Middlewares/Third_Party/FreeRTOS/Source/CMSIS_RTOS_V2/cmsis_os2.c.obj
 .bss.Timer_Stack.0
                0x20003704      0x200 CMakeFiles/G4_DSP.elf.dir/Middlewares/Third_Party/FreeRTOS/Source/CMSIS_RTOS_V2/cmsis_os2.c.obj
 .bss.Timer_TCB.1
                0x20003904       0x5c CMakeFiles/G4_DSP.elf.dir/Middlewares/Third_Party/FreeRTOS/Source/CMSIS_RTOS_V2/cmsis_os2.c.obj
 .bss.ucMaxSysCallPriority
                0x20003960        0x1 CMakeFiles/G4_DSP.elf.dir/Middlewares/Third_Party/FreeRTOS/Source/portable/GCC/ARM_CM4F/port.c.obj
 *fill*         0x20003961        0x3 
 .bss.ulMaxPRIGROUPValue
                0x20003964        0x4 CMakeFiles/G4_DSP.elf.dir/Middlewares/Third_Party/FreeRTOS/Source/portable/GCC/ARM_CM4F/port.c.obj
 .bss.pxEnd     0x20003968        0x4 CMakeFiles/G4_DSP.elf.dir/Middlewares/Third_Party/FreeRTOS/Source/portable/MemMang/heap_4.c.obj
 .bss.ucHeap    0x2000396c      0xc00 CMakeFiles/G4_DSP.elf.dir/Middlewares/Third_Party/FreeRTOS/Source/portable/MemMang/heap_4.c.obj
 .bss.xBlockAllocatedBit
                0x2000456c        0x4 CMakeFiles/G4_DSP.elf.dir/Middlewares/Third_Party/FreeRTOS/Source/portable/MemMang/heap_4.c.obj
 .bss.xFreeBytesRemaining
                0x20004570        0x4 CMakeFiles/G4_DSP.elf.dir/Middlewares/Third_Party/FreeRTOS/Source/portable/MemMang/heap_4.c.obj
 .bss.xMinimumEverFreeBytesRemaining
                0x20004574        0x4 CMakeFiles/G4_DSP.elf.dir/Middlewares/Third_Party/FreeRTOS/Source/portable/MemMang/heap_4.c.obj
 .bss.xNumberOfSuccessfulAllocations
                0x20004578        0x4 CMakeFiles/G4_DSP.elf.dir/Middlewares/Third_Party/FreeRTOS/Source/portable/MemMang/heap_4.c.obj
 .bss.xNumberOfSuccessfulFrees
                0x2000457c        0x4 CMakeFiles/G4_DSP.elf.dir/Middlewares/Third_Party/FreeRTOS/Source/portable/MemMang/heap_4.c.obj
 .bss.xStart    0x20004580        0x8 CMakeFiles/G4_DSP.elf.dir/Middlewares/Third_Party/FreeRTOS/Source/portable/MemMang/heap_4.c.obj
 .bss.xQueueRegistry
                0x20004588       0x40 CMakeFiles/G4_DSP.elf.dir/Middlewares/Third_Party/FreeRTOS/Source/queue.c.obj
                0x20004588                xQueueRegistry
 .bss.pxCurrentTCB
                0x200045c8        0x4 CMakeFiles/G4_DSP.elf.dir/Middlewares/Third_Party/FreeRTOS/Source/tasks.c.obj
                0x200045c8                pxCurrentTCB
 .bss.pxDelayedTaskList
                0x200045cc        0x4 CMakeFiles/G4_DSP.elf.dir/Middlewares/Third_Party/FreeRTOS/Source/tasks.c.obj
 .bss.pxOverflowDelayedTaskList
                0x200045d0        0x4 CMakeFiles/G4_DSP.elf.dir/Middlewares/Third_Party/FreeRTOS/Source/tasks.c.obj
 .bss.pxReadyTasksLists
                0x200045d4      0x460 CMakeFiles/G4_DSP.elf.dir/Middlewares/Third_Party/FreeRTOS/Source/tasks.c.obj
 .bss.uxCurrentNumberOfTasks
                0x20004a34        0x4 CMakeFiles/G4_DSP.elf.dir/Middlewares/Third_Party/FreeRTOS/Source/tasks.c.obj
 .bss.uxDeletedTasksWaitingCleanUp
                0x20004a38        0x4 CMakeFiles/G4_DSP.elf.dir/Middlewares/Third_Party/FreeRTOS/Source/tasks.c.obj
 .bss.uxSchedulerSuspended
                0x20004a3c        0x4 CMakeFiles/G4_DSP.elf.dir/Middlewares/Third_Party/FreeRTOS/Source/tasks.c.obj
 .bss.uxTaskNumber
                0x20004a40        0x4 CMakeFiles/G4_DSP.elf.dir/Middlewares/Third_Party/FreeRTOS/Source/tasks.c.obj
 .bss.uxTopReadyPriority
                0x20004a44        0x4 CMakeFiles/G4_DSP.elf.dir/Middlewares/Third_Party/FreeRTOS/Source/tasks.c.obj
 .bss.xDelayedTaskList1
                0x20004a48       0x14 CMakeFiles/G4_DSP.elf.dir/Middlewares/Third_Party/FreeRTOS/Source/tasks.c.obj
 .bss.xDelayedTaskList2
                0x20004a5c       0x14 CMakeFiles/G4_DSP.elf.dir/Middlewares/Third_Party/FreeRTOS/Source/tasks.c.obj
 .bss.xIdleTaskHandle
                0x20004a70        0x4 CMakeFiles/G4_DSP.elf.dir/Middlewares/Third_Party/FreeRTOS/Source/tasks.c.obj
 .bss.xNextTaskUnblockTime
                0x20004a74        0x4 CMakeFiles/G4_DSP.elf.dir/Middlewares/Third_Party/FreeRTOS/Source/tasks.c.obj
 .bss.xNumOfOverflows
                0x20004a78        0x4 CMakeFiles/G4_DSP.elf.dir/Middlewares/Third_Party/FreeRTOS/Source/tasks.c.obj
 .bss.xPendedTicks
                0x20004a7c        0x4 CMakeFiles/G4_DSP.elf.dir/Middlewares/Third_Party/FreeRTOS/Source/tasks.c.obj
 .bss.xPendingReadyList
                0x20004a80       0x14 CMakeFiles/G4_DSP.elf.dir/Middlewares/Third_Party/FreeRTOS/Source/tasks.c.obj
 .bss.xSchedulerRunning
                0x20004a94        0x4 CMakeFiles/G4_DSP.elf.dir/Middlewares/Third_Party/FreeRTOS/Source/tasks.c.obj
 .bss.xSuspendedTaskList
                0x20004a98       0x14 CMakeFiles/G4_DSP.elf.dir/Middlewares/Third_Party/FreeRTOS/Source/tasks.c.obj
 .bss.xTasksWaitingTermination
                0x20004aac       0x14 CMakeFiles/G4_DSP.elf.dir/Middlewares/Third_Party/FreeRTOS/Source/tasks.c.obj
 .bss.xTickCount
                0x20004ac0        0x4 CMakeFiles/G4_DSP.elf.dir/Middlewares/Third_Party/FreeRTOS/Source/tasks.c.obj
 .bss.xYieldPending
                0x20004ac4        0x4 CMakeFiles/G4_DSP.elf.dir/Middlewares/Third_Party/FreeRTOS/Source/tasks.c.obj
 .bss.pxCurrentTimerList
                0x20004ac8        0x4 CMakeFiles/G4_DSP.elf.dir/Middlewares/Third_Party/FreeRTOS/Source/timers.c.obj
 .bss.pxOverflowTimerList
                0x20004acc        0x4 CMakeFiles/G4_DSP.elf.dir/Middlewares/Third_Party/FreeRTOS/Source/timers.c.obj
 .bss.ucStaticTimerQueueStorage.1
                0x20004ad0       0xa0 CMakeFiles/G4_DSP.elf.dir/Middlewares/Third_Party/FreeRTOS/Source/timers.c.obj
 .bss.xActiveTimerList1
                0x20004b70       0x14 CMakeFiles/G4_DSP.elf.dir/Middlewares/Third_Party/FreeRTOS/Source/timers.c.obj
 .bss.xActiveTimerList2
                0x20004b84       0x14 CMakeFiles/G4_DSP.elf.dir/Middlewares/Third_Party/FreeRTOS/Source/timers.c.obj
 .bss.xLastTime.2
                0x20004b98        0x4 CMakeFiles/G4_DSP.elf.dir/Middlewares/Third_Party/FreeRTOS/Source/timers.c.obj
 .bss.xStaticTimerQueue.0
                0x20004b9c       0x50 CMakeFiles/G4_DSP.elf.dir/Middlewares/Third_Party/FreeRTOS/Source/timers.c.obj
 .bss.xTimerQueue
                0x20004bec        0x4 CMakeFiles/G4_DSP.elf.dir/Middlewares/Third_Party/FreeRTOS/Source/timers.c.obj
 .bss.xTimerTaskHandle
                0x20004bf0        0x4 CMakeFiles/G4_DSP.elf.dir/Middlewares/Third_Party/FreeRTOS/Source/timers.c.obj
 .bss.__lock___atexit_recursive_mutex
                0x20004bf4        0x1 c:/progra~1/gcc-ar~1.10/bin/../lib/gcc/arm-none-eabi/10.3.1/../../../../arm-none-eabi/lib/thumb/v7e-m+fp/hard\libg.a(lib_a-lock.o)
                0x20004bf4                __lock___atexit_recursive_mutex
 *(COMMON)
                0x20004bf8                . = ALIGN (0x4)
 *fill*         0x20004bf5        0x3 
                0x20004bf8                _ebss = .
                0x20004bf8                __bss_end__ = _ebss

._user_heap_stack
                0x20004bf8      0x600 load address 0x0800ce44
                0x20004bf8                . = ALIGN (0x8)
                [!provide]                PROVIDE (end = .)
                0x20004bf8                PROVIDE (_end = .)
                0x20004df8                . = (. + _Min_Heap_Size)
 *fill*         0x20004bf8      0x200 
                0x200051f8                . = (. + _Min_Stack_Size)
 *fill*         0x20004df8      0x400 
                0x200051f8                . = ALIGN (0x8)

/DISCARD/
 libc.a(*)
 libm.a(*)
 libgcc.a(*)

.ARM.attributes
                0x00000000       0x30
 *(.ARM.attributes)
 .ARM.attributes
                0x00000000       0x1e c:/progra~1/gcc-ar~1.10/bin/../lib/gcc/arm-none-eabi/10.3.1/thumb/v7e-m+fp/hard/crti.o
 .ARM.attributes
                0x0000001e       0x34 c:/progra~1/gcc-ar~1.10/bin/../lib/gcc/arm-none-eabi/10.3.1/thumb/v7e-m+fp/hard/crtbegin.o
 .ARM.attributes
                0x00000052       0x34 CMakeFiles/G4_DSP.elf.dir/Core/Src/app_freertos.c.obj
 .ARM.attributes
                0x00000086       0x34 CMakeFiles/G4_DSP.elf.dir/Core/Src/gpio.c.obj
 .ARM.attributes
                0x000000ba       0x34 CMakeFiles/G4_DSP.elf.dir/Core/Src/main.c.obj
 .ARM.attributes
                0x000000ee       0x34 CMakeFiles/G4_DSP.elf.dir/Core/Src/spi.c.obj
 .ARM.attributes
                0x00000122       0x34 CMakeFiles/G4_DSP.elf.dir/Core/Src/stm32g4xx_hal_msp.c.obj
 .ARM.attributes
                0x00000156       0x34 CMakeFiles/G4_DSP.elf.dir/Core/Src/stm32g4xx_hal_timebase_tim.c.obj
 .ARM.attributes
                0x0000018a       0x34 CMakeFiles/G4_DSP.elf.dir/Core/Src/stm32g4xx_it.c.obj
 .ARM.attributes
                0x000001be       0x34 CMakeFiles/G4_DSP.elf.dir/Core/Src/system_stm32g4xx.c.obj
 .ARM.attributes
                0x000001f2       0x34 CMakeFiles/G4_DSP.elf.dir/Core/Src/usart.c.obj
 .ARM.attributes
                0x00000226       0x21 CMakeFiles/G4_DSP.elf.dir/Core/Startup/startup_stm32g474retx.s.obj
 .ARM.attributes
                0x00000247       0x34 CMakeFiles/G4_DSP.elf.dir/DSP/Source/CommonTables/CommonTables.c.obj
 .ARM.attributes
                0x0000027b       0x34 CMakeFiles/G4_DSP.elf.dir/DSP/Source/ComplexMathFunctions/ComplexMathFunctions.c.obj
 .ARM.attributes
                0x000002af       0x34 CMakeFiles/G4_DSP.elf.dir/DSP/Source/FastMathFunctions/FastMathFunctions.c.obj
 .ARM.attributes
                0x000002e3       0x34 CMakeFiles/G4_DSP.elf.dir/DSP/Source/TransformFunctions/TransformFunctions.c.obj
 .ARM.attributes
                0x00000317       0x34 CMakeFiles/G4_DSP.elf.dir/Drivers/LCD_240_280/Src/lcd.c.obj
 .ARM.attributes
                0x0000034b       0x34 CMakeFiles/G4_DSP.elf.dir/Drivers/LCD_240_280/Src/lcd_interface.c.obj
 .ARM.attributes
                0x0000037f       0x34 CMakeFiles/G4_DSP.elf.dir/Drivers/STM32G4xx_HAL_Driver/Src/stm32g4xx_hal.c.obj
 .ARM.attributes
                0x000003b3       0x34 CMakeFiles/G4_DSP.elf.dir/Drivers/STM32G4xx_HAL_Driver/Src/stm32g4xx_hal_cortex.c.obj
 .ARM.attributes
                0x000003e7       0x34 CMakeFiles/G4_DSP.elf.dir/Drivers/STM32G4xx_HAL_Driver/Src/stm32g4xx_hal_gpio.c.obj
 .ARM.attributes
                0x0000041b       0x34 CMakeFiles/G4_DSP.elf.dir/Drivers/STM32G4xx_HAL_Driver/Src/stm32g4xx_hal_pwr_ex.c.obj
 .ARM.attributes
                0x0000044f       0x34 CMakeFiles/G4_DSP.elf.dir/Drivers/STM32G4xx_HAL_Driver/Src/stm32g4xx_hal_rcc.c.obj
 .ARM.attributes
                0x00000483       0x34 CMakeFiles/G4_DSP.elf.dir/Drivers/STM32G4xx_HAL_Driver/Src/stm32g4xx_hal_rcc_ex.c.obj
 .ARM.attributes
                0x000004b7       0x34 CMakeFiles/G4_DSP.elf.dir/Drivers/STM32G4xx_HAL_Driver/Src/stm32g4xx_hal_spi.c.obj
 .ARM.attributes
                0x000004eb       0x34 CMakeFiles/G4_DSP.elf.dir/Drivers/STM32G4xx_HAL_Driver/Src/stm32g4xx_hal_tim.c.obj
 .ARM.attributes
                0x0000051f       0x34 CMakeFiles/G4_DSP.elf.dir/Drivers/STM32G4xx_HAL_Driver/Src/stm32g4xx_hal_tim_ex.c.obj
 .ARM.attributes
                0x00000553       0x34 CMakeFiles/G4_DSP.elf.dir/Drivers/STM32G4xx_HAL_Driver/Src/stm32g4xx_hal_uart.c.obj
 .ARM.attributes
                0x00000587       0x34 CMakeFiles/G4_DSP.elf.dir/Drivers/STM32G4xx_HAL_Driver/Src/stm32g4xx_hal_uart_ex.c.obj
 .ARM.attributes
                0x000005bb       0x34 CMakeFiles/G4_DSP.elf.dir/Middlewares/Third_Party/FreeRTOS/Source/CMSIS_RTOS_V2/cmsis_os2.c.obj
 .ARM.attributes
                0x000005ef       0x34 CMakeFiles/G4_DSP.elf.dir/Middlewares/Third_Party/FreeRTOS/Source/list.c.obj
 .ARM.attributes
                0x00000623       0x34 CMakeFiles/G4_DSP.elf.dir/Middlewares/Third_Party/FreeRTOS/Source/portable/GCC/ARM_CM4F/port.c.obj
 .ARM.attributes
                0x00000657       0x34 CMakeFiles/G4_DSP.elf.dir/Middlewares/Third_Party/FreeRTOS/Source/portable/MemMang/heap_4.c.obj
 .ARM.attributes
                0x0000068b       0x34 CMakeFiles/G4_DSP.elf.dir/Middlewares/Third_Party/FreeRTOS/Source/queue.c.obj
 .ARM.attributes
                0x000006bf       0x34 CMakeFiles/G4_DSP.elf.dir/Middlewares/Third_Party/FreeRTOS/Source/tasks.c.obj
 .ARM.attributes
                0x000006f3       0x34 CMakeFiles/G4_DSP.elf.dir/Middlewares/Third_Party/FreeRTOS/Source/timers.c.obj
 .ARM.attributes
                0x00000727       0x1e c:/progra~1/gcc-ar~1.10/bin/../lib/gcc/arm-none-eabi/10.3.1/thumb/v7e-m+fp/hard\libgcc.a(_aeabi_uldivmod.o)
 .ARM.attributes
                0x00000745       0x34 c:/progra~1/gcc-ar~1.10/bin/../lib/gcc/arm-none-eabi/10.3.1/thumb/v7e-m+fp/hard\libgcc.a(_udivmoddi4.o)
 .ARM.attributes
                0x00000779       0x1e c:/progra~1/gcc-ar~1.10/bin/../lib/gcc/arm-none-eabi/10.3.1/thumb/v7e-m+fp/hard\libgcc.a(_dvmd_tls.o)
 .ARM.attributes
                0x00000797       0x34 c:/progra~1/gcc-ar~1.10/bin/../lib/gcc/arm-none-eabi/10.3.1/../../../../arm-none-eabi/lib/thumb/v7e-m+fp/hard\libg.a(lib_a-impure.o)
 .ARM.attributes
                0x000007cb       0x34 c:/progra~1/gcc-ar~1.10/bin/../lib/gcc/arm-none-eabi/10.3.1/../../../../arm-none-eabi/lib/thumb/v7e-m+fp/hard\libg.a(lib_a-init.o)
 .ARM.attributes
                0x000007ff       0x1c c:/progra~1/gcc-ar~1.10/bin/../lib/gcc/arm-none-eabi/10.3.1/../../../../arm-none-eabi/lib/thumb/v7e-m+fp/hard\libg.a(lib_a-memcpy.o)
 .ARM.attributes
                0x0000081b       0x34 c:/progra~1/gcc-ar~1.10/bin/../lib/gcc/arm-none-eabi/10.3.1/../../../../arm-none-eabi/lib/thumb/v7e-m+fp/hard\libg.a(lib_a-memset.o)
 .ARM.attributes
                0x0000084f       0x34 c:/progra~1/gcc-ar~1.10/bin/../lib/gcc/arm-none-eabi/10.3.1/../../../../arm-none-eabi/lib/thumb/v7e-m+fp/hard\libg.a(lib_a-__call_atexit.o)
 .ARM.attributes
                0x00000883       0x34 c:/progra~1/gcc-ar~1.10/bin/../lib/gcc/arm-none-eabi/10.3.1/../../../../arm-none-eabi/lib/thumb/v7e-m+fp/hard\libg.a(lib_a-atexit.o)
 .ARM.attributes
                0x000008b7       0x34 c:/progra~1/gcc-ar~1.10/bin/../lib/gcc/arm-none-eabi/10.3.1/../../../../arm-none-eabi/lib/thumb/v7e-m+fp/hard\libg.a(lib_a-fini.o)
 .ARM.attributes
                0x000008eb       0x34 c:/progra~1/gcc-ar~1.10/bin/../lib/gcc/arm-none-eabi/10.3.1/../../../../arm-none-eabi/lib/thumb/v7e-m+fp/hard\libg.a(lib_a-lock.o)
 .ARM.attributes
                0x0000091f       0x34 c:/progra~1/gcc-ar~1.10/bin/../lib/gcc/arm-none-eabi/10.3.1/../../../../arm-none-eabi/lib/thumb/v7e-m+fp/hard\libg.a(lib_a-__atexit.o)
 .ARM.attributes
                0x00000953       0x1e c:/progra~1/gcc-ar~1.10/bin/../lib/gcc/arm-none-eabi/10.3.1/thumb/v7e-m+fp/hard/crtn.o
OUTPUT(G4_DSP.elf elf32-littlearm)
LOAD linker stubs
LOAD c:/progra~1/gcc-ar~1.10/bin/../lib/gcc/arm-none-eabi/10.3.1/../../../../arm-none-eabi/lib/thumb/v7e-m+fp/hard\libc.a
LOAD c:/progra~1/gcc-ar~1.10/bin/../lib/gcc/arm-none-eabi/10.3.1/../../../../arm-none-eabi/lib/thumb/v7e-m+fp/hard\libm.a
LOAD c:/progra~1/gcc-ar~1.10/bin/../lib/gcc/arm-none-eabi/10.3.1/thumb/v7e-m+fp/hard\libgcc.a

.debug_info     0x00000000    0x3e0ab
 .debug_info    0x00000000      0x674 CMakeFiles/G4_DSP.elf.dir/Core/Src/app_freertos.c.obj
 .debug_info    0x00000674      0x84f CMakeFiles/G4_DSP.elf.dir/Core/Src/gpio.c.obj
 .debug_info    0x00000ec3      0xb9b CMakeFiles/G4_DSP.elf.dir/Core/Src/main.c.obj
 .debug_info    0x00001a5e      0xba6 CMakeFiles/G4_DSP.elf.dir/Core/Src/spi.c.obj
 .debug_info    0x00002604      0x60c CMakeFiles/G4_DSP.elf.dir/Core/Src/stm32g4xx_hal_msp.c.obj
 .debug_info    0x00002c10      0xf0d CMakeFiles/G4_DSP.elf.dir/Core/Src/stm32g4xx_hal_timebase_tim.c.obj
 .debug_info    0x00003b1d      0x8d4 CMakeFiles/G4_DSP.elf.dir/Core/Src/stm32g4xx_it.c.obj
 .debug_info    0x000043f1      0x5b4 CMakeFiles/G4_DSP.elf.dir/Core/Src/system_stm32g4xx.c.obj
 .debug_info    0x000049a5      0xea6 CMakeFiles/G4_DSP.elf.dir/Core/Src/usart.c.obj
 .debug_info    0x0000584b       0x22 CMakeFiles/G4_DSP.elf.dir/Core/Startup/startup_stm32g474retx.s.obj
 .debug_info    0x0000586d     0x1d8e CMakeFiles/G4_DSP.elf.dir/DSP/Source/CommonTables/CommonTables.c.obj
 .debug_info    0x000075fb     0x1404 CMakeFiles/G4_DSP.elf.dir/DSP/Source/ComplexMathFunctions/ComplexMathFunctions.c.obj
 .debug_info    0x000089ff     0x232e CMakeFiles/G4_DSP.elf.dir/DSP/Source/FastMathFunctions/FastMathFunctions.c.obj
 .debug_info    0x0000ad2d     0xe2cf CMakeFiles/G4_DSP.elf.dir/DSP/Source/TransformFunctions/TransformFunctions.c.obj
 .debug_info    0x00018ffc     0x24a2 CMakeFiles/G4_DSP.elf.dir/Drivers/LCD_240_280/Src/lcd.c.obj
 .debug_info    0x0001b49e     0x1046 CMakeFiles/G4_DSP.elf.dir/Drivers/LCD_240_280/Src/lcd_interface.c.obj
 .debug_info    0x0001c4e4      0xc72 CMakeFiles/G4_DSP.elf.dir/Drivers/STM32G4xx_HAL_Driver/Src/stm32g4xx_hal.c.obj
 .debug_info    0x0001d156     0x10fb CMakeFiles/G4_DSP.elf.dir/Drivers/STM32G4xx_HAL_Driver/Src/stm32g4xx_hal_cortex.c.obj
 .debug_info    0x0001e251      0x865 CMakeFiles/G4_DSP.elf.dir/Drivers/STM32G4xx_HAL_Driver/Src/stm32g4xx_hal_gpio.c.obj
 .debug_info    0x0001eab6      0xa07 CMakeFiles/G4_DSP.elf.dir/Drivers/STM32G4xx_HAL_Driver/Src/stm32g4xx_hal_pwr_ex.c.obj
 .debug_info    0x0001f4bd      0xefa CMakeFiles/G4_DSP.elf.dir/Drivers/STM32G4xx_HAL_Driver/Src/stm32g4xx_hal_rcc.c.obj
 .debug_info    0x000203b7      0xf39 CMakeFiles/G4_DSP.elf.dir/Drivers/STM32G4xx_HAL_Driver/Src/stm32g4xx_hal_rcc_ex.c.obj
 .debug_info    0x000212f0     0x22bf CMakeFiles/G4_DSP.elf.dir/Drivers/STM32G4xx_HAL_Driver/Src/stm32g4xx_hal_spi.c.obj
 .debug_info    0x000235af     0x410f CMakeFiles/G4_DSP.elf.dir/Drivers/STM32G4xx_HAL_Driver/Src/stm32g4xx_hal_tim.c.obj
 .debug_info    0x000276be     0x2538 CMakeFiles/G4_DSP.elf.dir/Drivers/STM32G4xx_HAL_Driver/Src/stm32g4xx_hal_tim_ex.c.obj
 .debug_info    0x00029bf6     0x6404 CMakeFiles/G4_DSP.elf.dir/Drivers/STM32G4xx_HAL_Driver/Src/stm32g4xx_hal_uart.c.obj
 .debug_info    0x0002fffa     0x1281 CMakeFiles/G4_DSP.elf.dir/Drivers/STM32G4xx_HAL_Driver/Src/stm32g4xx_hal_uart_ex.c.obj
 .debug_info    0x0003127b     0x4b7a CMakeFiles/G4_DSP.elf.dir/Middlewares/Third_Party/FreeRTOS/Source/CMSIS_RTOS_V2/cmsis_os2.c.obj
 .debug_info    0x00035df5      0x2e0 CMakeFiles/G4_DSP.elf.dir/Middlewares/Third_Party/FreeRTOS/Source/list.c.obj
 .debug_info    0x000360d5      0x587 CMakeFiles/G4_DSP.elf.dir/Middlewares/Third_Party/FreeRTOS/Source/portable/GCC/ARM_CM4F/port.c.obj
 .debug_info    0x0003665c      0x5d9 CMakeFiles/G4_DSP.elf.dir/Middlewares/Third_Party/FreeRTOS/Source/portable/MemMang/heap_4.c.obj
 .debug_info    0x00036c35     0x2826 CMakeFiles/G4_DSP.elf.dir/Middlewares/Third_Party/FreeRTOS/Source/queue.c.obj
 .debug_info    0x0003945b     0x3197 CMakeFiles/G4_DSP.elf.dir/Middlewares/Third_Party/FreeRTOS/Source/tasks.c.obj
 .debug_info    0x0003c5f2     0x1ab9 CMakeFiles/G4_DSP.elf.dir/Middlewares/Third_Party/FreeRTOS/Source/timers.c.obj

.debug_abbrev   0x00000000     0x4e76
 .debug_abbrev  0x00000000      0x1b4 CMakeFiles/G4_DSP.elf.dir/Core/Src/app_freertos.c.obj
 .debug_abbrev  0x000001b4      0x157 CMakeFiles/G4_DSP.elf.dir/Core/Src/gpio.c.obj
 .debug_abbrev  0x0000030b      0x235 CMakeFiles/G4_DSP.elf.dir/Core/Src/main.c.obj
 .debug_abbrev  0x00000540      0x1d3 CMakeFiles/G4_DSP.elf.dir/Core/Src/spi.c.obj
 .debug_abbrev  0x00000713      0x114 CMakeFiles/G4_DSP.elf.dir/Core/Src/stm32g4xx_hal_msp.c.obj
 .debug_abbrev  0x00000827      0x230 CMakeFiles/G4_DSP.elf.dir/Core/Src/stm32g4xx_hal_timebase_tim.c.obj
 .debug_abbrev  0x00000a57      0x1c1 CMakeFiles/G4_DSP.elf.dir/Core/Src/stm32g4xx_it.c.obj
 .debug_abbrev  0x00000c18      0x119 CMakeFiles/G4_DSP.elf.dir/Core/Src/system_stm32g4xx.c.obj
 .debug_abbrev  0x00000d31      0x1eb CMakeFiles/G4_DSP.elf.dir/Core/Src/usart.c.obj
 .debug_abbrev  0x00000f1c       0x12 CMakeFiles/G4_DSP.elf.dir/Core/Startup/startup_stm32g474retx.s.obj
 .debug_abbrev  0x00000f2e      0x128 CMakeFiles/G4_DSP.elf.dir/DSP/Source/CommonTables/CommonTables.c.obj
 .debug_abbrev  0x00001056      0x236 CMakeFiles/G4_DSP.elf.dir/DSP/Source/ComplexMathFunctions/ComplexMathFunctions.c.obj
 .debug_abbrev  0x0000128c      0x32f CMakeFiles/G4_DSP.elf.dir/DSP/Source/FastMathFunctions/FastMathFunctions.c.obj
 .debug_abbrev  0x000015bb      0x414 CMakeFiles/G4_DSP.elf.dir/DSP/Source/TransformFunctions/TransformFunctions.c.obj
 .debug_abbrev  0x000019cf      0x273 CMakeFiles/G4_DSP.elf.dir/Drivers/LCD_240_280/Src/lcd.c.obj
 .debug_abbrev  0x00001c42      0x220 CMakeFiles/G4_DSP.elf.dir/Drivers/LCD_240_280/Src/lcd_interface.c.obj
 .debug_abbrev  0x00001e62      0x23e CMakeFiles/G4_DSP.elf.dir/Drivers/STM32G4xx_HAL_Driver/Src/stm32g4xx_hal.c.obj
 .debug_abbrev  0x000020a0      0x361 CMakeFiles/G4_DSP.elf.dir/Drivers/STM32G4xx_HAL_Driver/Src/stm32g4xx_hal_cortex.c.obj
 .debug_abbrev  0x00002401      0x1e6 CMakeFiles/G4_DSP.elf.dir/Drivers/STM32G4xx_HAL_Driver/Src/stm32g4xx_hal_gpio.c.obj
 .debug_abbrev  0x000025e7      0x245 CMakeFiles/G4_DSP.elf.dir/Drivers/STM32G4xx_HAL_Driver/Src/stm32g4xx_hal_pwr_ex.c.obj
 .debug_abbrev  0x0000282c      0x26f CMakeFiles/G4_DSP.elf.dir/Drivers/STM32G4xx_HAL_Driver/Src/stm32g4xx_hal_rcc.c.obj
 .debug_abbrev  0x00002a9b      0x243 CMakeFiles/G4_DSP.elf.dir/Drivers/STM32G4xx_HAL_Driver/Src/stm32g4xx_hal_rcc_ex.c.obj
 .debug_abbrev  0x00002cde      0x248 CMakeFiles/G4_DSP.elf.dir/Drivers/STM32G4xx_HAL_Driver/Src/stm32g4xx_hal_spi.c.obj
 .debug_abbrev  0x00002f26      0x263 CMakeFiles/G4_DSP.elf.dir/Drivers/STM32G4xx_HAL_Driver/Src/stm32g4xx_hal_tim.c.obj
 .debug_abbrev  0x00003189      0x279 CMakeFiles/G4_DSP.elf.dir/Drivers/STM32G4xx_HAL_Driver/Src/stm32g4xx_hal_tim_ex.c.obj
 .debug_abbrev  0x00003402      0x306 CMakeFiles/G4_DSP.elf.dir/Drivers/STM32G4xx_HAL_Driver/Src/stm32g4xx_hal_uart.c.obj
 .debug_abbrev  0x00003708      0x2f0 CMakeFiles/G4_DSP.elf.dir/Drivers/STM32G4xx_HAL_Driver/Src/stm32g4xx_hal_uart_ex.c.obj
 .debug_abbrev  0x000039f8      0x53a CMakeFiles/G4_DSP.elf.dir/Middlewares/Third_Party/FreeRTOS/Source/CMSIS_RTOS_V2/cmsis_os2.c.obj
 .debug_abbrev  0x00003f32      0x106 CMakeFiles/G4_DSP.elf.dir/Middlewares/Third_Party/FreeRTOS/Source/list.c.obj
 .debug_abbrev  0x00004038      0x26b CMakeFiles/G4_DSP.elf.dir/Middlewares/Third_Party/FreeRTOS/Source/portable/GCC/ARM_CM4F/port.c.obj
 .debug_abbrev  0x000042a3      0x24b CMakeFiles/G4_DSP.elf.dir/Middlewares/Third_Party/FreeRTOS/Source/portable/MemMang/heap_4.c.obj
 .debug_abbrev  0x000044ee      0x369 CMakeFiles/G4_DSP.elf.dir/Middlewares/Third_Party/FreeRTOS/Source/queue.c.obj
 .debug_abbrev  0x00004857      0x313 CMakeFiles/G4_DSP.elf.dir/Middlewares/Third_Party/FreeRTOS/Source/tasks.c.obj
 .debug_abbrev  0x00004b6a      0x30c CMakeFiles/G4_DSP.elf.dir/Middlewares/Third_Party/FreeRTOS/Source/timers.c.obj

.debug_loc      0x00000000    0x3ba91
 .debug_loc     0x00000000       0x48 CMakeFiles/G4_DSP.elf.dir/Core/Src/app_freertos.c.obj
 .debug_loc     0x00000048       0x42 CMakeFiles/G4_DSP.elf.dir/Core/Src/main.c.obj
 .debug_loc     0x0000008a       0x84 CMakeFiles/G4_DSP.elf.dir/Core/Src/spi.c.obj
 .debug_loc     0x0000010e       0xc2 CMakeFiles/G4_DSP.elf.dir/Core/Src/stm32g4xx_hal_timebase_tim.c.obj
 .debug_loc     0x000001d0       0x9d CMakeFiles/G4_DSP.elf.dir/Core/Src/system_stm32g4xx.c.obj
 .debug_loc     0x0000026d       0x64 CMakeFiles/G4_DSP.elf.dir/Core/Src/usart.c.obj
 .debug_loc     0x000002d1     0x1de3 CMakeFiles/G4_DSP.elf.dir/DSP/Source/ComplexMathFunctions/ComplexMathFunctions.c.obj
 .debug_loc     0x000020b4     0x3716 CMakeFiles/G4_DSP.elf.dir/DSP/Source/FastMathFunctions/FastMathFunctions.c.obj
 .debug_loc     0x000057ca    0x15587 CMakeFiles/G4_DSP.elf.dir/DSP/Source/TransformFunctions/TransformFunctions.c.obj
 .debug_loc     0x0001ad51     0x1d65 CMakeFiles/G4_DSP.elf.dir/Drivers/LCD_240_280/Src/lcd.c.obj
 .debug_loc     0x0001cab6      0x12f CMakeFiles/G4_DSP.elf.dir/Drivers/LCD_240_280/Src/lcd_interface.c.obj
 .debug_loc     0x0001cbe5      0x1ef CMakeFiles/G4_DSP.elf.dir/Drivers/STM32G4xx_HAL_Driver/Src/stm32g4xx_hal.c.obj
 .debug_loc     0x0001cdd4      0x736 CMakeFiles/G4_DSP.elf.dir/Drivers/STM32G4xx_HAL_Driver/Src/stm32g4xx_hal_cortex.c.obj
 .debug_loc     0x0001d50a      0x3b3 CMakeFiles/G4_DSP.elf.dir/Drivers/STM32G4xx_HAL_Driver/Src/stm32g4xx_hal_gpio.c.obj
 .debug_loc     0x0001d8bd      0xa23 CMakeFiles/G4_DSP.elf.dir/Drivers/STM32G4xx_HAL_Driver/Src/stm32g4xx_hal_pwr_ex.c.obj
 .debug_loc     0x0001e2e0      0x84d CMakeFiles/G4_DSP.elf.dir/Drivers/STM32G4xx_HAL_Driver/Src/stm32g4xx_hal_rcc.c.obj
 .debug_loc     0x0001eb2d     0x1523 CMakeFiles/G4_DSP.elf.dir/Drivers/STM32G4xx_HAL_Driver/Src/stm32g4xx_hal_rcc_ex.c.obj
 .debug_loc     0x00020050     0x21e4 CMakeFiles/G4_DSP.elf.dir/Drivers/STM32G4xx_HAL_Driver/Src/stm32g4xx_hal_spi.c.obj
 .debug_loc     0x00022234     0x5866 CMakeFiles/G4_DSP.elf.dir/Drivers/STM32G4xx_HAL_Driver/Src/stm32g4xx_hal_tim.c.obj
 .debug_loc     0x00027a9a     0x2e6e CMakeFiles/G4_DSP.elf.dir/Drivers/STM32G4xx_HAL_Driver/Src/stm32g4xx_hal_tim_ex.c.obj
 .debug_loc     0x0002a908     0x5bc6 CMakeFiles/G4_DSP.elf.dir/Drivers/STM32G4xx_HAL_Driver/Src/stm32g4xx_hal_uart.c.obj
 .debug_loc     0x000304ce      0xc3a CMakeFiles/G4_DSP.elf.dir/Drivers/STM32G4xx_HAL_Driver/Src/stm32g4xx_hal_uart_ex.c.obj
 .debug_loc     0x00031108     0x5184 CMakeFiles/G4_DSP.elf.dir/Middlewares/Third_Party/FreeRTOS/Source/CMSIS_RTOS_V2/cmsis_os2.c.obj
 .debug_loc     0x0003628c       0xad CMakeFiles/G4_DSP.elf.dir/Middlewares/Third_Party/FreeRTOS/Source/list.c.obj
 .debug_loc     0x00036339      0x124 CMakeFiles/G4_DSP.elf.dir/Middlewares/Third_Party/FreeRTOS/Source/portable/GCC/ARM_CM4F/port.c.obj
 .debug_loc     0x0003645d      0x434 CMakeFiles/G4_DSP.elf.dir/Middlewares/Third_Party/FreeRTOS/Source/portable/MemMang/heap_4.c.obj
 .debug_loc     0x00036891     0x1ae8 CMakeFiles/G4_DSP.elf.dir/Middlewares/Third_Party/FreeRTOS/Source/queue.c.obj
 .debug_loc     0x00038379     0x25c2 CMakeFiles/G4_DSP.elf.dir/Middlewares/Third_Party/FreeRTOS/Source/tasks.c.obj
 .debug_loc     0x0003a93b     0x1156 CMakeFiles/G4_DSP.elf.dir/Middlewares/Third_Party/FreeRTOS/Source/timers.c.obj

.debug_aranges  0x00000000     0x2238
 .debug_aranges
                0x00000000       0x28 CMakeFiles/G4_DSP.elf.dir/Core/Src/app_freertos.c.obj
 .debug_aranges
                0x00000028       0x28 CMakeFiles/G4_DSP.elf.dir/Core/Src/gpio.c.obj
 .debug_aranges
                0x00000050       0x38 CMakeFiles/G4_DSP.elf.dir/Core/Src/main.c.obj
 .debug_aranges
                0x00000088       0x30 CMakeFiles/G4_DSP.elf.dir/Core/Src/spi.c.obj
 .debug_aranges
                0x000000b8       0x20 CMakeFiles/G4_DSP.elf.dir/Core/Src/stm32g4xx_hal_msp.c.obj
 .debug_aranges
                0x000000d8       0x30 CMakeFiles/G4_DSP.elf.dir/Core/Src/stm32g4xx_hal_timebase_tim.c.obj
 .debug_aranges
                0x00000108       0x58 CMakeFiles/G4_DSP.elf.dir/Core/Src/stm32g4xx_it.c.obj
 .debug_aranges
                0x00000160       0x28 CMakeFiles/G4_DSP.elf.dir/Core/Src/system_stm32g4xx.c.obj
 .debug_aranges
                0x00000188       0x30 CMakeFiles/G4_DSP.elf.dir/Core/Src/usart.c.obj
 .debug_aranges
                0x000001b8       0x28 CMakeFiles/G4_DSP.elf.dir/Core/Startup/startup_stm32g474retx.s.obj
 .debug_aranges
                0x000001e0       0x18 CMakeFiles/G4_DSP.elf.dir/DSP/Source/CommonTables/CommonTables.c.obj
 .debug_aranges
                0x000001f8       0xc8 CMakeFiles/G4_DSP.elf.dir/DSP/Source/ComplexMathFunctions/ComplexMathFunctions.c.obj
 .debug_aranges
                0x000002c0       0xc0 CMakeFiles/G4_DSP.elf.dir/DSP/Source/FastMathFunctions/FastMathFunctions.c.obj
 .debug_aranges
                0x00000380      0x580 CMakeFiles/G4_DSP.elf.dir/DSP/Source/TransformFunctions/TransformFunctions.c.obj
 .debug_aranges
                0x00000900       0xf0 CMakeFiles/G4_DSP.elf.dir/Drivers/LCD_240_280/Src/lcd.c.obj
 .debug_aranges
                0x000009f0       0x88 CMakeFiles/G4_DSP.elf.dir/Drivers/LCD_240_280/Src/lcd_interface.c.obj
 .debug_aranges
                0x00000a78      0x148 CMakeFiles/G4_DSP.elf.dir/Drivers/STM32G4xx_HAL_Driver/Src/stm32g4xx_hal.c.obj
 .debug_aranges
                0x00000bc0       0xa8 CMakeFiles/G4_DSP.elf.dir/Drivers/STM32G4xx_HAL_Driver/Src/stm32g4xx_hal_cortex.c.obj
 .debug_aranges
                0x00000c68       0x58 CMakeFiles/G4_DSP.elf.dir/Drivers/STM32G4xx_HAL_Driver/Src/stm32g4xx_hal_gpio.c.obj
 .debug_aranges
                0x00000cc0      0x140 CMakeFiles/G4_DSP.elf.dir/Drivers/STM32G4xx_HAL_Driver/Src/stm32g4xx_hal_pwr_ex.c.obj
 .debug_aranges
                0x00000e00       0x98 CMakeFiles/G4_DSP.elf.dir/Drivers/STM32G4xx_HAL_Driver/Src/stm32g4xx_hal_rcc.c.obj
 .debug_aranges
                0x00000e98       0xb0 CMakeFiles/G4_DSP.elf.dir/Drivers/STM32G4xx_HAL_Driver/Src/stm32g4xx_hal_rcc_ex.c.obj
 .debug_aranges
                0x00000f48      0x1d8 CMakeFiles/G4_DSP.elf.dir/Drivers/STM32G4xx_HAL_Driver/Src/stm32g4xx_hal_spi.c.obj
 .debug_aranges
                0x00001120      0x3e0 CMakeFiles/G4_DSP.elf.dir/Drivers/STM32G4xx_HAL_Driver/Src/stm32g4xx_hal_tim.c.obj
 .debug_aranges
                0x00001500      0x240 CMakeFiles/G4_DSP.elf.dir/Drivers/STM32G4xx_HAL_Driver/Src/stm32g4xx_hal_tim_ex.c.obj
 .debug_aranges
                0x00001740      0x248 CMakeFiles/G4_DSP.elf.dir/Drivers/STM32G4xx_HAL_Driver/Src/stm32g4xx_hal_uart.c.obj
 .debug_aranges
                0x00001988       0xa8 CMakeFiles/G4_DSP.elf.dir/Drivers/STM32G4xx_HAL_Driver/Src/stm32g4xx_hal_uart_ex.c.obj
 .debug_aranges
                0x00001a30      0x2a0 CMakeFiles/G4_DSP.elf.dir/Middlewares/Third_Party/FreeRTOS/Source/CMSIS_RTOS_V2/cmsis_os2.c.obj
 .debug_aranges
                0x00001cd0       0x40 CMakeFiles/G4_DSP.elf.dir/Middlewares/Third_Party/FreeRTOS/Source/list.c.obj
 .debug_aranges
                0x00001d10       0x80 CMakeFiles/G4_DSP.elf.dir/Middlewares/Third_Party/FreeRTOS/Source/portable/GCC/ARM_CM4F/port.c.obj
 .debug_aranges
                0x00001d90       0x58 CMakeFiles/G4_DSP.elf.dir/Middlewares/Third_Party/FreeRTOS/Source/portable/MemMang/heap_4.c.obj
 .debug_aranges
                0x00001de8      0x158 CMakeFiles/G4_DSP.elf.dir/Middlewares/Third_Party/FreeRTOS/Source/queue.c.obj
 .debug_aranges
                0x00001f40      0x208 CMakeFiles/G4_DSP.elf.dir/Middlewares/Third_Party/FreeRTOS/Source/tasks.c.obj
 .debug_aranges
                0x00002148       0xf0 CMakeFiles/G4_DSP.elf.dir/Middlewares/Third_Party/FreeRTOS/Source/timers.c.obj

.debug_ranges   0x00000000     0x26c0
 .debug_ranges  0x00000000       0x18 CMakeFiles/G4_DSP.elf.dir/Core/Src/app_freertos.c.obj
 .debug_ranges  0x00000018       0x18 CMakeFiles/G4_DSP.elf.dir/Core/Src/gpio.c.obj
 .debug_ranges  0x00000030       0x28 CMakeFiles/G4_DSP.elf.dir/Core/Src/main.c.obj
 .debug_ranges  0x00000058       0x20 CMakeFiles/G4_DSP.elf.dir/Core/Src/spi.c.obj
 .debug_ranges  0x00000078       0x10 CMakeFiles/G4_DSP.elf.dir/Core/Src/stm32g4xx_hal_msp.c.obj
 .debug_ranges  0x00000088       0x20 CMakeFiles/G4_DSP.elf.dir/Core/Src/stm32g4xx_hal_timebase_tim.c.obj
 .debug_ranges  0x000000a8       0x48 CMakeFiles/G4_DSP.elf.dir/Core/Src/stm32g4xx_it.c.obj
 .debug_ranges  0x000000f0       0x18 CMakeFiles/G4_DSP.elf.dir/Core/Src/system_stm32g4xx.c.obj
 .debug_ranges  0x00000108       0x20 CMakeFiles/G4_DSP.elf.dir/Core/Src/usart.c.obj
 .debug_ranges  0x00000128       0x20 CMakeFiles/G4_DSP.elf.dir/Core/Startup/startup_stm32g474retx.s.obj
 .debug_ranges  0x00000148      0x100 CMakeFiles/G4_DSP.elf.dir/DSP/Source/ComplexMathFunctions/ComplexMathFunctions.c.obj
 .debug_ranges  0x00000248      0x3f8 CMakeFiles/G4_DSP.elf.dir/DSP/Source/FastMathFunctions/FastMathFunctions.c.obj
 .debug_ranges  0x00000640      0x5a0 CMakeFiles/G4_DSP.elf.dir/DSP/Source/TransformFunctions/TransformFunctions.c.obj
 .debug_ranges  0x00000be0       0xe0 CMakeFiles/G4_DSP.elf.dir/Drivers/LCD_240_280/Src/lcd.c.obj
 .debug_ranges  0x00000cc0       0x78 CMakeFiles/G4_DSP.elf.dir/Drivers/LCD_240_280/Src/lcd_interface.c.obj
 .debug_ranges  0x00000d38      0x138 CMakeFiles/G4_DSP.elf.dir/Drivers/STM32G4xx_HAL_Driver/Src/stm32g4xx_hal.c.obj
 .debug_ranges  0x00000e70       0xf8 CMakeFiles/G4_DSP.elf.dir/Drivers/STM32G4xx_HAL_Driver/Src/stm32g4xx_hal_cortex.c.obj
 .debug_ranges  0x00000f68       0x48 CMakeFiles/G4_DSP.elf.dir/Drivers/STM32G4xx_HAL_Driver/Src/stm32g4xx_hal_gpio.c.obj
 .debug_ranges  0x00000fb0      0x130 CMakeFiles/G4_DSP.elf.dir/Drivers/STM32G4xx_HAL_Driver/Src/stm32g4xx_hal_pwr_ex.c.obj
 .debug_ranges  0x000010e0       0xa0 CMakeFiles/G4_DSP.elf.dir/Drivers/STM32G4xx_HAL_Driver/Src/stm32g4xx_hal_rcc.c.obj